connect:[20180207_08:57:54]
K

U-Boot 1.1.6 (Mar 14 2017 - 11:18:18) for SMDK6410

****************************************
**    u-boot 1.1.6                    **
**    Updated for OK6410  TE6410 Board  **
**    Version (2012-09-23)          **
**    OEM: Forlinx Embedded           **
**    Web: http://www.witech.com.cn   **
****************************************

CPU:     S3C6410 @532MHz
         Fclk = 532MHz, Hclk = 133MHz, Pclk = 66MHz, Serial = CLKUART (SYNC Mode) 
Board:   SMDK6410
DRAM:    128 MB
Flash:   0 kB
NandFlash Information:
Manufactor ID:0
dev_id ID:0 
3th is = 0
dev_id=0,childType=0 
select s3c_nand_oob_mlc_64
No NAND device found!!!
NandFlash Size is 0 MB 
SD/MMC:  SD 2.0 SDHC / Manufacturer: 0x58,OEM: "DD/DDINC",REV: 3.0,S/N: 16879601,DATE: 2015/10
         SDHC size: 3796 MiB
         Freq = 50MHz
In:      serial
Out:     lcd
Err:     lcd
Hit any key to stop autoboot:  0 

###################### User Menu for OK6410#####################
[1] Format the nand flash
[2] Burn image from SD card
[3] Burn image from USB
[4] Reboot the u-boot
[5] Exit to command line
-----------------------------Select---------------------------------
Enter your Selection:5
SMDK6410 # 
SMDK6410 # 
SMDK6410 # fatload mmc 0:1 0x50008000 zImage-v0
reading zImage-v0

6757220 bytes read
SMDK6410 # bootm 50008000
Boot with zImage

Starting kernel ...

Uncompressing Linux... done, booting the kernel.
Linux version 2.6.38.8-EddySun (qpq@qpq-1404) (gcc version 4.4.5 (crosstool-NG 1.13.0) ) #714 PREEMPT Mon Mar 13 14:10:32 CST 2017
CPU: ARMv6-compatible processor [410fb766] revision 6 (ARMv7), cr=00c5387f
CPU: VIPT nonaliasing data cache, VIPT nonaliasing instruction cache
Machine: SMDK6410
Ignoring unrecognised tag 0x54410008
Memory policy: ECC disabled, Data cache writeback
CPU S3C6410 (id 0x36410101)
S3C24XX Clocks, Copyright 2004 Simtec Electronics
camera: no parent clock specified
S3C64XX: PLL settings, A=532000000, M=532000000, E=24000000
S3C64XX: HCLK2=266000000, HCLK=133000000, PCLK=66500000
mout_apll: source is fout_apll (1), rate is 532000000
mout_epll: source is epll (1), rate is 24000000
mout_mpll: source is mpll (1), rate is 532000000
mmc_bus: source is mout_epll (0), rate is 24000000
mmc_bus: source is mout_epll (0), rate is 24000000
mmc_bus: source is mout_epll (0), rate is 24000000
usb-bus-host: source is clk_48m (0), rate is 48000000
uclk1: source is dout_mpll (1), rate is 66500000
spi-bus: source is mout_epll (0), rate is 24000000
spi-bus: source is mout_epll (0), rate is 24000000
audio-bus: source is mout_epll (0), rate is 24000000
audio-bus: source is mout_epll (0), rate is 24000000
audio-bus: source is mout_epll (0), rate is 24000000
irda-bus: source is mout_epll (0), rate is 24000000
camera: no parent clock specified
Built 1 zonelists in Zone order, mobility grouping on.  Total pages: 28448
Kernel command line: console=ttySAC0,115200 root=/dev/ram,read-write mem=112M init=/linuxrc
PID hash table entries: 512 (order: -1, 2048 bytes)
Dentry cache hash table entries: 16384 (order: 4, 65536 bytes)
Inode-cache hash table entries: 8192 (order: 3, 32768 bytes)
Memory: 112MB = 112MB total
Memory: 97856k/97856k available, 16832k reserved, 0K highmem
Virtual kernel memory layout:
    vector  : 0xffff0000 - 0xffff1000   (   4 kB)
    fixmap  : 0xfff00000 - 0xfffe0000   ( 896 kB)
    DMA     : 0xff600000 - 0xffe00000   (   8 MB)
    vmalloc : 0xc7800000 - 0xf6000000   ( 744 MB)
    lowmem  : 0xc0000000 - 0xc7000000   ( 112 MB)
    modules : 0xbf000000 - 0xc0000000   (  16 MB)
      .init : 0xc0008000 - 0xc0ac7000   (11004 kB)
      .text : 0xc0ac7000 - 0xc0f047bc   (4342 kB)
      .data : 0xc0f06000 - 0xc0f34900   ( 187 kB)
SLUB: Genslabs=13, HWalign=32, Order=0-3, MinObjects=0, CPUs=1, Nodes=1
NR_IRQS:246
VIC @f6000000: id 0x00041192, vendor 0x41
VIC @f6010000: id 0x00041192, vendor 0x41
Console: colour dummy device 80x30
console [ttySAC0] enabled
Calibrating delay loop... 530.84 BogoMIPS (lpj=2654208)
pid_max: default: 32768 minimum: 301
Mount-cache hash table entries: 512
CPU: Testing write buffer coherency: ok
NET: Registered protocol family 16
s3c64xx_dma_init: Registering DMA channels
PL080: IRQ 73, at c7808000, channels 0..8
PL080: IRQ 74, at c780c000, channels 8..16
S3C6410: Initialising architecture
bio: create slab <bio-0> at 0
SCSI subsystem initialized
usbcore: registered new interface driver usbfs
usbcore: registered new interface driver hub
usbcore: registered new device driver usb
s3c-i2c s3c2440-i2c.0: slave address 0x10
s3c-i2c s3c2440-i2c.0: bus frequency set to 64 KHz
s3c-i2c s3c2440-i2c.0: i2c-0: S3C I2C adapter
s3c-i2c s3c2440-i2c.1: slave address 0x10
s3c-i2c s3c2440-i2c.1: bus frequency set to 64 KHz
s3c-i2c s3c2440-i2c.1: i2c-1: S3C I2C adapter
NET: Registered protocol family 2
IP route cache hash table entries: 1024 (order: 0, 4096 bytes)
TCP established hash table entries: 4096 (order: 3, 32768 bytes)
TCP bind hash table entries: 4096 (order: 2, 16384 bytes)
TCP: Hash tables configured (established 4096 bind 4096)
TCP reno registered
UDP hash table entries: 256 (order: 0, 4096 bytes)
UDP-Lite hash table entries: 256 (order: 0, 4096 bytes)
NET: Registered protocol family 1
RPC: Registered udp transport module.
RPC: Registered tcp transport module.
RPC: Registered tcp NFSv4.1 backchannel transport module.
NetWinder Floating Point Emulator V0.97 (extended precision)
nfs4filelayout_init: NFSv4 File Layout Driver Registering...
NTFS driver 2.1.30 [Flags: R/W].
JFFS2 version 2.2. (NAND) 漏 2001-2006 Red Hat, Inc.
ROMFS MTD (C) 2007 Red Hat, Inc.
msgmni has been set to 191
io scheduler noop registered
io scheduler deadline registered
io scheduler cfq registered (default)
===================pixclk:44232
--------------pixckl:44232
=========================================pixclk=44232, clk=133000000, div=5 (26600000)
**************clkdiv:5***************
--------------pixckl:44232
=========================================pixclk=44232, clk=133000000, div=5 (26600000)
**************clkdiv:5***************
Console: switching to colour frame buffer device 80x30
s3c-fb s3c-fb: window 0: fb 
Serial: 8250/16550 driver, 4 ports, IRQ sharing disabled
s3c6400-uart.0: ttySAC0 at MMIO 0x7f005000 (irq = 16) is a S3C6400/10
s3c6400-uart.1: ttySAC1 at MMIO 0x7f005400 (irq = 20) is a S3C6400/10
s3c6400-uart.2: ttySAC2 at MMIO 0x7f005800 (irq = 24) is a S3C6400/10
s3c6400-uart.3: ttySAC3 at MMIO 0x7f005c00 (irq = 28) is a S3C6400/10
GOOD! ADC initiated OK!
Good! BackLight(PWM) initialized Successfully!
GOOD! ECT initiated OK!
brd: module loaded
loop: module loaded
S3C24XX NOR FLASH DEVICE: 0x10000000 at 0x0 
S3C24XX NAND Driver, (c) 2004 Simtec Electronics
s3c24xx-nand s3c6400-nand: Tacls=3, 22ns Twrph0=8 60ns, Twrph1=3 22ns
s3c24xx-nand s3c6400-nand: NAND hardware ECC
No NAND device found.
dm9000 Ethernet Driver, V1.31
eth0: dm9000a at c786e000,c7872004 IRQ 111 MAC: 00:12:34:56:78:ab (eeprom)
console [netcon0] enabled
netconsole: network logging started
usbmon: debugfs is not available
ohci_hcd: USB 1.1 'Open' Host Controller (OHCI) Driver
s3c2410-ohci s3c2410-ohci: S3C24XX OHCI
s3c2410-ohci s3c2410-ohci: new USB bus registered, assigned bus number 1
s3c2410-ohci s3c2410-ohci: irq 79, io mem 0x74300000
usb usb1: New USB device found, idVendor=1d6b, idProduct=0001
usb usb1: New USB device strings: Mfr=3, Product=2, SerialNumber=1
usb usb1: Product: S3C24XX OHCI
usb usb1: Manufacturer: Linux 2.6.38.8-EddySun ohci_hcd
usb usb1: SerialNumber: s3c24xx
hub 1-0:1.0: USB hub found
hub 1-0:1.0: 2 ports detected
usbcore: registered new interface driver usblp
Initializing USB Mass Storage driver...
usbcore: registered new interface driver usb-storage
USB Mass Storage support registered.
usbcore: registered new interface driver libusual
usbcore: registered new interface driver ums-datafab
usbcore: registered new interface driver ums-freecom
usbcore: registered new interface driver ums-isd200
usbcore: registered new interface driver ums-usbat
usbcore: registered new interface driver usbserial
USB Serial support registered for generic
usbcore: registered new interface driver usbserial_generic
usbserial: USB Serial Driver core
USB Serial support registered for FTDI USB Serial Device
usbcore: registered new interface driver ftdi_sio
ftdi_sio: v1.6.0:USB FTDI Serial Converters Driver
mousedev: PS/2 mouse device common for all mice
S3C24XX RTC, (c) 2004,2006 Simtec Electronics
s3c-rtc s3c64xx-rtc: rtc disabled, re-enabling
s3c-rtc s3c64xx-rtc: rtc core: registered s3c as rtc0
s3c-rtc s3c64xx-rtc: warning: invalid RTC value so initializing it
i2c /dev entries driver
Linux video capture interface: v2.00
usbcore: registered new interface driver uvcvideo
USB Video Class driver (v1.0.0)
S3C2410 Watchdog Timer, (c) 2004 Simtec Electronics
s3c2410-wdt s3c2410-wdt: watchdog inactive, reset disabled, irq enabled
sdhci: Secure Digital Host Controller Interface driver
sdhci: Copyright(c) Pierre Ossman
s3c-sdhci s3c-sdhci.0: clock source 0: hsmmc (133000000 Hz)
s3c-sdhci s3c-sdhci.0: clock source 1: hsmmc (133000000 Hz)
s3c-sdhci s3c-sdhci.0: clock source 2: mmc_bus (24000000 Hz)
mmc0: mmc_rescan_try_freq: trying to init card at 400000 Hz
mmc0: SDHCI controller on samsung-hsmmc [s3c-sdhci.0] using ADMA
usbcore: registered new interface driver usbhid
usbhid: USB HID core driver
TCP cubic registered
NET: Registered protocol family 17
Registering the dns_resolver key type
VFP support v0.3: implementor 41 architecture 1 part 20 variant b rev 5
s3c-rtc s3c64xx-rtc: setting system clock to 2000-01-01 00:00:00 UTC (946684800)
Freeing init memory: 11004K
mmc0: new high speed SDHC card at address 0007
mmcblk0: mmc0:0007 DDINC 3.70 GiB 
 mmcblk0: p1
Can not find MAC FILE
eth0: link down
mount: mounting /dev/mmcblk0p2 on /jffs2 failed: No such file or directory
mount: mounting /dev/mmcblk0p3 on /tmp failed: No such file or directory
mount: mounting /dev/mtdblock5 on /opt failed: No such file or directory
chmod: /jffs2/Main: No such file or directory
chmod: /jffs2/ET/ET: No such file or directory
chmod: /jffs2/ET/ECTN: No such file or directory
chmod: /jffs2/ET/EMS: No such file or directory
/etc/init.d/rcS: line 75: /jffs2/Main: not found
[root@(none):/]#eth0: link up, 100Mbps, full-duplex, lpa 0xCDE1

[root@(none):/]#
[root@(none):/]#cd /mmc/shelll
-/bin/sh: cd: can't cd to /mmc/shelll
[root@(none):/]#cd /mmc/shell
[root@(none):shell]#./burn.sh 
-rwxr-xr-x    1   3668448 Jan  1  2000 /mmc/zImage
-rwxr-xr-x    1   3666232 Jan  1 00:00 /mmc/zImage
[root@(none):shell]#<€K

U-Boot 1.1.6 (Mar 14 2017 - 11:18:18) for SMDK6410

****************************************
**    u-boot 1.1.6                    **
**    Updated for OK6410  TE6410 Board  **
**    Version (2012-09-23)          **
**    OEM: Forlinx Embedded           **
**    Web: http://www.witech.com.cn   **
****************************************

CPU:     S3C6410 @532MHz
         Fclk = 532MHz, Hclk = 133MHz, Pclk = 66MHz, Serial = CLKUART (SYNC Mode) 
Board:   SMDK6410
DRAM:    128 MB
Flash:   0 kB
NandFlash Information:
Manufactor ID:0
dev_id ID:0 
3th is = 0
dev_id=0,childType=0 
select s3c_nand_oob_mlc_64
No NAND device found!!!
NandFlash Size is 0 MB 
SD/MMC:  SD 2.0 SDHC / Manufacturer: 0x58,OEM: "DD/DDINC",REV: 3.0,S/N: 16879601,DATE: 2015/10
         SDHC size: 3796 MiB
         Freq = 50MHz
In:      serial
Out:     lcd
Err:     lcd
Hit any key to stop autoboot:  0 
reading zImage

3666232 bytes read
Boot with zImage

Starting kernel ...

Uncompressing Linux... done, booting the kernel.
Linux version 2.6.38.8-EddySun (qpq@qpq-cu64) (gcc version 4.4.5 (crosstool-NG 1.13.0) ) #768 PREEMPT Wed Feb 7 08:57:45 CST 2018
CPU: ARMv6-compatible processor [410fb766] revision 6 (ARMv7), cr=00c5387f
CPU: VIPT nonaliasing data cache, VIPT nonaliasing instruction cache
Machine: SMDK6410
Ignoring unrecognised tag 0x54410008
Memory policy: ECC disabled, Data cache writeback
CPU S3C6410 (id 0x36410101)
S3C24XX Clocks, Copyright 2004 Simtec Electronics
camera: no parent clock specified
S3C64XX: PLL settings, A=532000000, M=532000000, E=24000000
S3C64XX: HCLK2=266000000, HCLK=133000000, PCLK=66500000
mout_apll: source is fout_apll (1), rate is 532000000
mout_epll: source is epll (1), rate is 24000000
mout_mpll: source is mpll (1), rate is 532000000
mmc_bus: source is mout_epll (0), rate is 24000000
mmc_bus: source is mout_epll (0), rate is 24000000
mmc_bus: source is mout_epll (0), rate is 24000000
usb-bus-host: source is clk_48m (0), rate is 48000000
uclk1: source is dout_mpll (1), rate is 66500000
spi-bus: source is mout_epll (0), rate is 24000000
spi-bus: source is mout_epll (0), rate is 24000000
audio-bus: source is mout_epll (0), rate is 24000000
audio-bus: source is mout_epll (0), rate is 24000000
audio-bus: source is mout_epll (0), rate is 24000000
irda-bus: source is mout_epll (0), rate is 24000000
camera: no parent clock specified
Built 1 zonelists in Zone order, mobility grouping on.  Total pages: 28448
Kernel command line: console=ttySAC0,115200 root=/dev/ram,read-write mem=112M init=/linuxrc
PID hash table entries: 512 (order: -1, 2048 bytes)
Dentry cache hash table entries: 16384 (order: 4, 65536 bytes)
Inode-cache hash table entries: 8192 (order: 3, 32768 bytes)
Memory: 112MB = 112MB total
Memory: 106152k/106152k available, 8536k reserved, 0K highmem
Virtual kernel memory layout:
    vector  : 0xffff0000 - 0xffff1000   (   4 kB)
    fixmap  : 0xfff00000 - 0xfffe0000   ( 896 kB)
    DMA     : 0xff600000 - 0xffe00000   (   8 MB)
    vmalloc : 0xc7800000 - 0xf6000000   ( 744 MB)
    lowmem  : 0xc0000000 - 0xc7000000   ( 112 MB)
    modules : 0xbf000000 - 0xc0000000   (  16 MB)
      .init : 0xc0008000 - 0xc024f000   (2332 kB)
      .text : 0xc024f000 - 0xc06e80a4   (4709 kB)
      .data : 0xc06ea000 - 0xc0719840   ( 191 kB)
SLUB: Genslabs=13, HWalign=32, Order=0-3, MinObjects=0, CPUs=1, Nodes=1
NR_IRQS:246
VIC @f6000000: id 0x00041192, vendor 0x41
VIC @f6010000: id 0x00041192, vendor 0x41
Console: colour dummy device 80x30
console [ttySAC0] enabled
Calibrating delay loop... 530.84 BogoMIPS (lpj=2654208)
pid_max: default: 32768 minimum: 301
Mount-cache hash table entries: 512
CPU: Testing write buffer coherency: ok
NET: Registered protocol family 16
s3c64xx_dma_init: Registering DMA channels
PL080: IRQ 73, at c7808000, channels 0..8
PL080: IRQ 74, at c780c000, channels 8..16
S3C6410: Initialising architecture
bio: create slab <bio-0> at 0
SCSI subsystem initialized
usbcore: registered new interface driver usbfs
usbcore: registered new interface driver hub
usbcore: registered new device driver usb
s3c-i2c s3c2440-i2c.0: slave address 0x10
s3c-i2c s3c2440-i2c.0: bus frequency set to 64 KHz
s3c-i2c s3c2440-i2c.0: i2c-0: S3C I2C adapter
s3c-i2c s3c2440-i2c.1: slave address 0x10
s3c-i2c s3c2440-i2c.1: bus frequency set to 64 KHz
s3c-i2c s3c2440-i2c.1: i2c-1: S3C I2C adapter
cfg80211: Calling CRDA to update world regulatory domain
NET: Registered protocol family 2
IP route cache hash table entries: 1024 (order: 0, 4096 bytes)
TCP established hash table entries: 4096 (order: 3, 32768 bytes)
TCP bind hash table entries: 4096 (order: 2, 16384 bytes)
TCP: Hash tables configured (established 4096 bind 4096)
TCP reno registered
UDP hash table entries: 256 (order: 0, 4096 bytes)
UDP-Lite hash table entries: 256 (order: 0, 4096 bytes)
NET: Registered protocol family 1
RPC: Registered udp transport module.
RPC: Registered tcp transport module.
RPC: Registered tcp NFSv4.1 backchannel transport module.
NetWinder Floating Point Emulator V0.97 (extended precision)
nfs4filelayout_init: NFSv4 File Layout Driver Registering...
NTFS driver 2.1.30 [Flags: R/W].
JFFS2 version 2.2. (NAND) 漏 2001-2006 Red Hat, Inc.
ROMFS MTD (C) 2007 Red Hat, Inc.
msgmni has been set to 207
io scheduler noop registered
io scheduler deadline registered
io scheduler cfq registered (default)
===================pixclk:44232
--------------pixckl:44232
=========================================pixclk=44232, clk=133000000, div=5 (26600000)
**************clkdiv:5***************
--------------pixckl:44232
=========================================pixclk=44232, clk=133000000, div=5 (26600000)
**************clkdiv:5***************
Console: switching to colour frame buffer device 80x30
s3c-fb s3c-fb: window 0: fb 
Serial: 8250/16550 driver, 4 ports, IRQ sharing disabled
s3c6400-uart.0: ttySAC0 at MMIO 0x7f005000 (irq = 16) is a S3C6400/10
s3c6400-uart.1: ttySAC1 at MMIO 0x7f005400 (irq = 20) is a S3C6400/10
s3c6400-uart.2: ttySAC2 at MMIO 0x7f005800 (irq = 24) is a S3C6400/10
s3c6400-uart.3: ttySAC3 at MMIO 0x7f005c00 (irq = 28) is a S3C6400/10
GOOD! ADC initiated OK!
Good! BackLight(PWM) initialized Successfully!
GOOD! ECT initiated OK!
brd: module loaded
loop: module loaded
S3C24XX NOR FLASH DEVICE: 0x10000000 at 0x0 
S3C24XX NAND Driver, (c) 2004 Simtec Electronics
s3c24xx-nand s3c6400-nand: Tacls=3, 22ns Twrph0=8 60ns, Twrph1=3 22ns
s3c24xx-nand s3c6400-nand: NAND hardware ECC
No NAND device found.
dm9000 Ethernet Driver, V1.31
eth0: dm9000a at c786e000,c7872004 IRQ 111 MAC: 00:12:34:56:78:ab (eeprom)
usbcore: registered new interface driver rtl8187
usbcore: registered new interface driver zd1201
console [netcon0] enabled
netconsole: network logging started
usbmon: debugfs is not available
ohci_hcd: USB 1.1 'Open' Host Controller (OHCI) Driver
s3c2410-ohci s3c2410-ohci: S3C24XX OHCI
s3c2410-ohci s3c2410-ohci: new USB bus registered, assigned bus number 1
s3c2410-ohci s3c2410-ohci: irq 79, io mem 0x74300000
hub 1-0:1.0: USB hub found
hub 1-0:1.0: 2 ports detected
otg_dbg: in s3c6410_otg_module_init()::00224 => s3c6410_otg_module_init 
otg_dbg: in s3c6410_otg_drv_probe()::00054 => s3c6410_otg_drv_probe 
otg_dbg: in otg_hcd_init_modules()::00047 => OTGHCD_InitModuless 
otg_dbg: in init_transfer()::00055 => start to init_transfer
otg_dbg: in otg_list_init()::00202 => otg_list_init 
otg_dbg: in init_transfer_ready_q()::00053 => start init_transfer_ready_q
otg_dbg: in otg_list_init()::00202 => otg_list_init 
otg_dbg: in otg_list_init()::00202 => otg_list_init 
otg_dbg: in otg_mem_set()::00171 => otg_mem_set 
otg_dbg: in oci_sys_init()::00604 => oci_sys_init 
s3c6410_OTGHCD s3c6410_OTGHCD: S3C6410 OTGHCD
s3c6410_OTGHCD s3c6410_OTGHCD: new USB bus registered, assigned bus number 2
s3c6410_OTGHCD s3c6410_OTGHCD: irq 90, io mem 0x7c000000
otg_dbg: in s3c6410_otghcd_start()::00120 => s3c6410_otghcd_start 
otg_dbg: in s3c6410_otghcd_start()::00126 => OTG HCD Has Root Hub
otg_dbg: in otg_usbcore_resume_roothub()::00246 => otg_usbcore_resume_roothub 
Unable to handle kernel paging request at virtual address 75646f6c
pgd = c0004000
[75646f6c] *pgd=00000000
Internal error: Oops: 80000005 [#1] PREEMPT
last sysfs file: 
Modules linked in:
CPU: 0    Not tainted  (2.6.38.8-EddySun #768)
PC is at 0x75646f6c
LR is at usb_hcd_alloc_bandwidth+0x170/0x2cc
pc : [<75646f6c>]    lr : [<c046ee4c>]    psr: 80000033
sp : c682dd78  ip : c61fdac0  fp : 00000000
r10: c6079c00  r9 : 00000001  r8 : c6077e00
r7 : c6077e00  r6 : c61fdac8  r5 : 00000000  r4 : c61e4000
r3 : 75646f6d  r2 : c61fdb40  r1 : c6079c00  r0 : c61e4000
Flags: Nzcv  IRQs on  FIQs on  Mode SVC_32  ISA Thumb  Segment kernel
Control: 00c5387d  Table: 561c0008  DAC: 00000015
Process swapper (pid: 1, stack limit = 0xc682c268)
Stack: (0xc682dd78 to 0xc682e000)
dd60:                                                       22222222 00000000
dd80: 00000000 00000001 c6077e00 c6079c00 c6077e00 00000001 00000001 c600bf80
dda0: c073e034 00000001 c61e40bc c0472c20 c6897360 c031f8a8 c682ddf0 00000e3c
ddc0: c682ddf0 c61e5d80 c61e5d80 c600bf80 c6897360 c61e56f0 00000001 c0320068
dde0: c6079c68 c0290cf0 00000000 c6079c00 00000001 c0432568 c070886c c06f2940
de00: 00000000 c07081ac 00000000 c047932c c6079c68 c6079c68 c0432568 c047314c
de20: c6079c68 c0432434 c6079c68 c682de40 c0432568 00000000 c06f2940 c04319c0
de40: c6896348 c6872934 c6079c68 c6079c9c c6079c68 00000000 00000000 c043261c
de60: c6079c68 c6079c70 00000000 c043180c c6079c68 c04303d4 c61f89a0 c06f2940
de80: 3a393831 00383231 c61f89a0 c04729d0 00000000 c6079c00 00000000 c6079c68
dea0: c6079c00 c06f2940 00000000 00000002 00000000 c046ccc8 c61e4000 00000012
dec0: 0000005a c046f928 7c000000 00000000 00000020 c6079c00 c0746604 c06f2938
dee0: 4f54260a 00000000 00000000 00000000 00000000 c04808fc 00000000 00000e17
df00: c682dee8 c06f2940 c06f2940 c0708988 c0708988 c04332e0 c06f2940 c0432434
df20: c06f2940 c06f2974 c0708988 00000000 00000000 c0432544 c0708988 c682df48
df40: c04324e4 c0431c74 c683e038 c6842ab0 c0708988 c0708988 c61f5e40 c0703c40
df60: 00000000 c04315c0 c0669bef c0669bef c682df70 c0708988 c001c720 c025fffc
df80: 00000000 00000000 00000000 c0432818 c0021190 c001c720 c025fffc 00000000
dfa0: 00000000 c001c744 c0021190 c024f458 c6821720 00303031 00000000 00000000
dfc0: 00000000 000000f6 c0021190 c0021268 c025fffc 00000013 00000000 00000000
dfe0: 00000000 c000852c 00000000 c0008494 c025fffc c025fffc 1f26df6e d86699fe
[<c046ee4c>] (usb_hcd_alloc_bandwidth+0x170/0x2cc) from [<c0472c20>] (usb_set_configuration+0x23c/0x564)
[<c0472c20>] (usb_set_configuration+0x23c/0x564) from [<c047932c>] (generic_probe+0x4c/0x7c)
[<c047932c>] (generic_probe+0x4c/0x7c) from [<c047314c>] (usb_probe_device+0x18/0x1c)
[<c047314c>] (usb_probe_device+0x18/0x1c) from [<c0432434>] (driver_probe_device+0xa8/0x158)
[<c0432434>] (driver_probe_device+0xa8/0x158) from [<c04319c0>] (bus_for_each_drv+0x48/0x84)
[<c04319c0>] (bus_for_each_drv+0x48/0x84) from [<c043261c>] (device_attach+0x50/0x68)
[<c043261c>] (device_attach+0x50/0x68) from [<c043180c>] (bus_probe_device+0x24/0x44)
[<c043180c>] (bus_probe_device+0x24/0x44) from [<c04303d4>] (device_add+0x3c0/0x540)
[<c04303d4>] (device_add+0x3c0/0x540) from [<c046ccc8>] (usb_new_device+0x78/0xc0)
[<c046ccc8>] (usb_new_device+0x78/0xc0) from [<c046f928>] (usb_add_hcd+0x398/0x5e8)
[<c046f928>] (usb_add_hcd+0x398/0x5e8) from [<c04808fc>] (s3c6410_otg_drv_probe+0x190/0x234)
[<c04808fc>] (s3c6410_otg_drv_probe+0x190/0x234) from [<c04332e0>] (platform_drv_probe+0x18/0x1c)
[<c04332e0>] (platform_drv_probe+0x18/0x1c) from [<c0432434>] (driver_probe_device+0xa8/0x158)
[<c0432434>] (driver_probe_device+0xa8/0x158) from [<c0432544>] (__driver_attach+0x60/0x84)
[<c0432544>] (__driver_attach+0x60/0x84) from [<c0431c74>] (bus_for_each_dev+0x48/0x84)
[<c0431c74>] (bus_for_each_dev+0x48/0x84) from [<c04315c0>] (bus_add_driver+0xa8/0x21c)
[<c04315c0>] (bus_add_driver+0xa8/0x21c) from [<c0432818>] (driver_register+0xac/0x13c)
[<c0432818>] (driver_register+0xac/0x13c) from [<c001c744>] (s3c6410_otg_module_init+0x24/0x64)
[<c001c744>] (s3c6410_otg_module_init+0x24/0x64) from [<c024f458>] (do_one_initcall+0xcc/0x1a0)
[<c024f458>] (do_one_initcall+0xcc/0x1a0) from [<c000852c>] (kernel_init+0x98/0x148)
[<c000852c>] (kernel_init+0x98/0x148) from [<c025fffc>] (kernel_thread_exit+0x0/0x8)
Code: bad PC value
---[ end trace 06804b2f4eff6e6f ]---
Kernel panic - not syncing: Attempted to kill init!
[<c0264838>] (unwind_backtrace+0x0/0xf0) from [<c05b5e68>] (panic+0x60/0x174)
[<c05b5e68>] (panic+0x60/0x174) from [<c027712c>] (do_exit+0x6c/0x658)
[<c027712c>] (do_exit+0x6c/0x658) from [<c0262dbc>] (die+0x1b8/0x1e4)
[<c0262dbc>] (die+0x1b8/0x1e4) from [<c02656ac>] (__do_kernel_fault+0x64/0x84)
[<c02656ac>] (__do_kernel_fault+0x64/0x84) from [<c026588c>] (do_page_fault+0x1c0/0x1d4)
[<c026588c>] (do_page_fault+0x1c0/0x1d4) from [<c024f268>] (do_PrefetchAbort+0x34/0x94)
[<c024f268>] (do_PrefetchAbort+0x34/0x94) from [<c025ecb0>] (__pabt_svc+0x50/0xa0)
Exception stack(0xc682dd30 to 0xc682dd78)
dd20:                                     c61e4000 c6079c00 c61fdb40 75646f6d
dd40: c61e4000 00000000 c61fdac8 c6077e00 c6077e00 00000001 c6079c00 00000000
dd60: c61fdac0 c682dd78 c046ee4c 75646f6c 80000033 ffffffff
[<c025ecb0>] (__pabt_svc+0x50/0xa0) from [<75646f6c>] (0x75646f6c)
鹄K

U-Boot 1.1.6 (Mar 14 2017 - 11:18:18) for SMDK6410

****************************************
**    u-boot 1.1.6                    **
**    Updated for OK6410  TE6410 Board  **
**    Version (2012-09-23)          **
**    OEM: Forlinx Embedded           **
**    Web: http://www.witech.com.cn   **
****************************************

CPU:     S3C6410 @532MHz
         Fclk = 532MHz, Hclk = 133MHz, Pclk = 66MHz, Serial = CLKUART (SYNC Mode) 
Board:   SMDK6410
DRAM:    128 MB
Flash:   0 kB
NandFlash Information:
Manufactor ID:0
dev_id ID:0 
3th is = 0
dev_id=0,childType=0 
select s3c_nand_oob_mlc_64
No NAND device found!!!
NandFlash Size is 0 MB 
SD/MMC:  SD 2.0 SDHC / Manufacturer: 0x58,OEM: "DD/DDINC",REV: 3.0,S/N: 16879601,DATE: 2015/10
         SDHC size: 3796 MiB
         Freq = 50MHz
In:      serial
Out:     lcd
Err:     lcd
Hit any key to stop autoboot:  0 

###################### User Menu for OK6410#####################
[1] Format the nand flash
[2] Burn image from SD card
[3] Burn image from USB
[4] Reboot the u-boot
[5] Exit to command line
-----------------------------Select---------------------------------
Enter your Selection:5
SMDK6410 # 
SMDK6410 # fatload mmc 0:1 0x50008000 zImage-v0
reading zImage-v0

6757220 bytes read
SMDK6410 # bootm 50008000
Boot with zImage

Starting kernel ...

Uncompressing Linux... done, booting the kernel.
Linux version 2.6.38.8-EddySun (qpq@qpq-1404) (gcc version 4.4.5 (crosstool-NG 1.13.0) ) #714 PREEMPT Mon Mar 13 14:10:32 CST 2017
CPU: ARMv6-compatible processor [410fb766] revision 6 (ARMv7), cr=00c5387f
CPU: VIPT nonaliasing data cache, VIPT nonaliasing instruction cache
Machine: SMDK6410
Ignoring unrecognised tag 0x54410008
Memory policy: ECC disabled, Data cache writeback
CPU S3C6410 (id 0x36410101)
S3C24XX Clocks, Copyright 2004 Simtec Electronics
camera: no parent clock specified
S3C64XX: PLL settings, A=532000000, M=532000000, E=24000000
S3C64XX: HCLK2=266000000, HCLK=133000000, PCLK=66500000
mout_apll: source is fout_apll (1), rate is 532000000
mout_epll: source is epll (1), rate is 24000000
mout_mpll: source is mpll (1), rate is 532000000
mmc_bus: source is mout_epll (0), rate is 24000000
mmc_bus: source is mout_epll (0), rate is 24000000
mmc_bus: source is mout_epll (0), rate is 24000000
usb-bus-host: source is clk_48m (0), rate is 48000000
uclk1: source is dout_mpll (1), rate is 66500000
spi-bus: source is mout_epll (0), rate is 24000000
spi-bus: source is mout_epll (0), rate is 24000000
audio-bus: source is mout_epll (0), rate is 24000000
audio-bus: source is mout_epll (0), rate is 24000000
audio-bus: source is mout_epll (0), rate is 24000000
irda-bus: source is mout_epll (0), rate is 24000000
camera: no parent clock specified
Built 1 zonelists in Zone order, mobility grouping on.  Total pages: 28448
Kernel command line: console=ttySAC0,115200 root=/dev/ram,read-write mem=112M init=/linuxrc
PID hash table entries: 512 (order: -1, 2048 bytes)
Dentry cache hash table entries: 16384 (order: 4, 65536 bytes)
Inode-cache hash table entries: 8192 (order: 3, 32768 bytes)
Memory: 112MB = 112MB total
Memory: 97856k/97856k available, 16832k reserved, 0K highmem
Virtual kernel memory layout:
    vector  : 0xffff0000 - 0xffff1000   (   4 kB)
    fixmap  : 0xfff00000 - 0xfffe0000   ( 896 kB)
    DMA     : 0xff600000 - 0xffe00000   (   8 MB)
    vmalloc : 0xc7800000 - 0xf6000000   ( 744 MB)
    lowmem  : 0xc0000000 - 0xc7000000   ( 112 MB)
    modules : 0xbf000000 - 0xc0000000   (  16 MB)
      .init : 0xc0008000 - 0xc0ac7000   (11004 kB)
      .text : 0xc0ac7000 - 0xc0f047bc   (4342 kB)
      .data : 0xc0f06000 - 0xc0f34900   ( 187 kB)
SLUB: Genslabs=13, HWalign=32, Order=0-3, MinObjects=0, CPUs=1, Nodes=1
NR_IRQS:246
VIC @f6000000: id 0x00041192, vendor 0x41
VIC @f6010000: id 0x00041192, vendor 0x41
Console: colour dummy device 80x30
console [ttySAC0] enabled
Calibrating delay loop... 530.84 BogoMIPS (lpj=2654208)
pid_max: default: 32768 minimum: 301
Mount-cache hash table entries: 512
CPU: Testing write buffer coherency: ok
NET: Registered protocol family 16
s3c64xx_dma_init: Registering DMA channels
PL080: IRQ 73, at c7808000, channels 0..8
PL080: IRQ 74, at c780c000, channels 8..16
S3C6410: Initialising architecture
bio: create slab <bio-0> at 0
SCSI subsystem initialized
usbcore: registered new interface driver usbfs
usbcore: registered new interface driver hub
usbcore: registered new device driver usb
s3c-i2c s3c2440-i2c.0: slave address 0x10
s3c-i2c s3c2440-i2c.0: bus frequency set to 64 KHz
s3c-i2c s3c2440-i2c.0: i2c-0: S3C I2C adapter
s3c-i2c s3c2440-i2c.1: slave address 0x10
s3c-i2c s3c2440-i2c.1: bus frequency set to 64 KHz
s3c-i2c s3c2440-i2c.1: i2c-1: S3C I2C adapter
NET: Registered protocol family 2
IP route cache hash table entries: 1024 (order: 0, 4096 bytes)
TCP established hash table entries: 4096 (order: 3, 32768 bytes)
TCP bind hash table entries: 4096 (order: 2, 16384 bytes)
TCP: Hash tables configured (established 4096 bind 4096)
TCP reno registered
UDP hash table entries: 256 (order: 0, 4096 bytes)
UDP-Lite hash table entries: 256 (order: 0, 4096 bytes)
NET: Registered protocol family 1
RPC: Registered udp transport module.
RPC: Registered tcp transport module.
RPC: Registered tcp NFSv4.1 backchannel transport module.
NetWinder Floating Point Emulator V0.97 (extended precision)
nfs4filelayout_init: NFSv4 File Layout Driver Registering...
NTFS driver 2.1.30 [Flags: R/W].
JFFS2 version 2.2. (NAND) 漏 2001-2006 Red Hat, Inc.
ROMFS MTD (C) 2007 Red Hat, Inc.
msgmni has been set to 191
io scheduler noop registered
io scheduler deadline registered
io scheduler cfq registered (default)
===================pixclk:44232
--------------pixckl:44232
=========================================pixclk=44232, clk=133000000, div=5 (26600000)
**************clkdiv:5***************
--------------pixckl:44232
=========================================pixclk=44232, clk=133000000, div=5 (26600000)
**************clkdiv:5***************
Console: switching to colour frame buffer device 80x30
s3c-fb s3c-fb: window 0: fb 
Serial: 8250/16550 driver, 4 ports, IRQ sharing disabled
s3c6400-uart.0: ttySAC0 at MMIO 0x7f005000 (irq = 16) is a S3C6400/10
s3c6400-uart.1: ttySAC1 at MMIO 0x7f005400 (irq = 20) is a S3C6400/10
s3c6400-uart.2: ttySAC2 at MMIO 0x7f005800 (irq = 24) is a S3C6400/10
s3c6400-uart.3: ttySAC3 at MMIO 0x7f005c00 (irq = 28) is a S3C6400/10
GOOD! ADC initiated OK!
Good! BackLight(PWM) initialized Successfully!
GOOD! ECT initiated OK!
brd: module loaded
loop: module loaded
S3C24XX NOR FLASH DEVICE: 0x10000000 at 0x0 
S3C24XX NAND Driver, (c) 2004 Simtec Electronics
s3c24xx-nand s3c6400-nand: Tacls=3, 22ns Twrph0=8 60ns, Twrph1=3 22ns
s3c24xx-nand s3c6400-nand: NAND hardware ECC
No NAND device found.
dm9000 Ethernet Driver, V1.31
eth0: dm9000a at c786e000,c7872004 IRQ 111 MAC: 00:12:34:56:78:ab (eeprom)
console [netcon0] enabled
netconsole: network logging started
usbmon: debugfs is not available
ohci_hcd: USB 1.1 'Open' Host Controller (OHCI) Driver
s3c2410-ohci s3c2410-ohci: S3C24XX OHCI
s3c2410-ohci s3c2410-ohci: new USB bus registered, assigned bus number 1
s3c2410-ohci s3c2410-ohci: irq 79, io mem 0x74300000
usb usb1: New USB device found, idVendor=1d6b, idProduct=0001
usb usb1: New USB device strings: Mfr=3, Product=2, SerialNumber=1
usb usb1: Product: S3C24XX OHCI
usb usb1: Manufacturer: Linux 2.6.38.8-EddySun ohci_hcd
usb usb1: SerialNumber: s3c24xx
hub 1-0:1.0: USB hub found
hub 1-0:1.0: 2 ports detected
usbcore: registered new interface driver usblp
Initializing USB Mass Storage driver...
usbcore: registered new interface driver usb-storage
USB Mass Storage support registered.
usbcore: registered new interface driver libusual
usbcore: registered new interface driver ums-datafab
usbcore: registered new interface driver ums-freecom
usbcore: registered new interface driver ums-isd200
usbcore: registered new interface driver ums-usbat
usbcore: registered new interface driver usbserial
USB Serial support registered for generic
usbcore: registered new interface driver usbserial_generic
usbserial: USB Serial Driver core
USB Serial support registered for FTDI USB Serial Device
usbcore: registered new interface driver ftdi_sio
ftdi_sio: v1.6.0:USB FTDI Serial Converters Driver
mousedev: PS/2 mouse device common for all mice
S3C24XX RTC, (c) 2004,2006 Simtec Electronics
s3c-rtc s3c64xx-rtc: rtc disabled, re-enabling
s3c-rtc s3c64xx-rtc: rtc core: registered s3c as rtc0
i2c /dev entries driver
Linux video capture interface: v2.00
usbcore: registered new interface driver uvcvideo
USB Video Class driver (v1.0.0)
S3C2410 Watchdog Timer, (c) 2004 Simtec Electronics
s3c2410-wdt s3c2410-wdt: watchdog inactive, reset disabled, irq enabled
sdhci: Secure Digital Host Controller Interface driver
sdhci: Copyright(c) Pierre Ossman
s3c-sdhci s3c-sdhci.0: clock source 0: hsmmc (133000000 Hz)
s3c-sdhci s3c-sdhci.0: clock source 1: hsmmc (133000000 Hz)
s3c-sdhci s3c-sdhci.0: clock source 2: mmc_bus (24000000 Hz)
mmc0: mmc_rescan_try_freq: trying to init card at 400000 Hz
mmc0: SDHCI controller on samsung-hsmmc [s3c-sdhci.0] using ADMA
usbcore: registered new interface driver usbhid
usbhid: USB HID core driver
TCP cubic registered
NET: Registered protocol family 17
Registering the dns_resolver key type
VFP support v0.3: implementor 41 architecture 1 part 20 variant b rev 5
s3c-rtc s3c64xx-rtc: setting system clock to 2000-01-01 01:13:29 UTC (946689209)
Freeing init memory: 11004K
mmc0: new high speed SDHC card at address 0007
mmcblk0: mmc0:0007 DDINC 3.70 GiB 
 mmcblk0: p1
Can not find MAC FILE
eth0: link down
mount: mounting /dev/mmcblk0p2 on /jffs2 failed: No such file or directory
mount: mounting /dev/mmcblk0p3 on /tmp failed: No such file or directory
mount: mounting /dev/mtdblock5 on /opt failed: No such file or directory
chmod: /jffs2/Main: No such file or directory
chmod: /jffs2/ET/ET: No such file or directory
chmod: /jffs2/ET/ECTN: No such file or directory
chmod: /jffs2/ET/EMS: No such file or directory
/etc/init.d/rcS: line 75: /jffs2/Main: not found
[root@(none):/]#eth0: link up, 100Mbps, full-duplex, lpa 0xCDE1

[root@(none):/]#
[root@(none):/]#cd /mmc/shell
[root@(none):shell]#./burn.sh 
-rwxr-xr-x    1   3666232 Jan  1 00:00 /mmc/zImage
-rwxr-xr-x    1   3666548 Jan  1 01:13 /mmc/zImage
[root@(none):shell]#K

U-Boot 1.1.6 (Mar 14 2017 - 11:18:18) for SMDK6410

****************************************
**    u-boot 1.1.6                    **
**    Updated for OK6410  TE6410 Board  **
**    Version (2012-09-23)          **
**    OEM: Forlinx Embedded           **
**    Web: http://www.witech.com.cn   **
****************************************

CPU:     S3C6410 @532MHz
         Fclk = 532MHz, Hclk = 133MHz, Pclk = 66MHz, Serial = CLKUART (SYNC Mode) 
Board:   SMDK6410
DRAM:    128 MB
Flash:   0 kB
NandFlash Information:
Manufactor ID:0
dev_id ID:0 
3th is = 0
dev_id=0,childType=0 
select s3c_nand_oob_mlc_64
No NAND device found!!!
NandFlash Size is 0 MB 
SD/MMC:  SD 2.0 SDHC / Manufacturer: 0x58,OEM: "DD/DDINC",REV: 3.0,S/N: 16879601,DATE: 2015/10
         SDHC size: 3796 MiB
         Freq = 50MHz
In:      serial
Out:     lcd
Err:     lcd
Hit any key to stop autoboot:  0 
reading zImage

3666548 bytes read
Boot with zImage

Starting kernel ...

Uncompressing Linux... done, booting the kernel.
Linux version 2.6.38.8-EddySun (qpq@qpq-cu64) (gcc version 4.4.5 (crosstool-NG 1.13.0) ) #769 PREEMPT Wed Feb 7 10:11:50 CST 2018
CPU: ARMv6-compatible processor [410fb766] revision 6 (ARMv7), cr=00c5387f
CPU: VIPT nonaliasing data cache, VIPT nonaliasing instruction cache
Machine: SMDK6410
Ignoring unrecognised tag 0x54410008
Memory policy: ECC disabled, Data cache writeback
CPU S3C6410 (id 0x36410101)
S3C24XX Clocks, Copyright 2004 Simtec Electronics
camera: no parent clock specified
S3C64XX: PLL settings, A=532000000, M=532000000, E=24000000
S3C64XX: HCLK2=266000000, HCLK=133000000, PCLK=66500000
mout_apll: source is fout_apll (1), rate is 532000000
mout_epll: source is epll (1), rate is 24000000
mout_mpll: source is mpll (1), rate is 532000000
mmc_bus: source is mout_epll (0), rate is 24000000
mmc_bus: source is mout_epll (0), rate is 24000000
mmc_bus: source is mout_epll (0), rate is 24000000
usb-bus-host: source is clk_48m (0), rate is 48000000
uclk1: source is dout_mpll (1), rate is 66500000
spi-bus: source is mout_epll (0), rate is 24000000
spi-bus: source is mout_epll (0), rate is 24000000
audio-bus: source is mout_epll (0), rate is 24000000
audio-bus: source is mout_epll (0), rate is 24000000
audio-bus: source is mout_epll (0), rate is 24000000
irda-bus: source is mout_epll (0), rate is 24000000
camera: no parent clock specified
Built 1 zonelists in Zone order, mobility grouping on.  Total pages: 28448
Kernel command line: console=ttySAC0,115200 root=/dev/ram,read-write mem=112M init=/linuxrc
PID hash table entries: 512 (order: -1, 2048 bytes)
Dentry cache hash table entries: 16384 (order: 4, 65536 bytes)
Inode-cache hash table entries: 8192 (order: 3, 32768 bytes)
Memory: 112MB = 112MB total
Memory: 106152k/106152k available, 8536k reserved, 0K highmem
Virtual kernel memory layout:
    vector  : 0xffff0000 - 0xffff1000   (   4 kB)
    fixmap  : 0xfff00000 - 0xfffe0000   ( 896 kB)
    DMA     : 0xff600000 - 0xffe00000   (   8 MB)
    vmalloc : 0xc7800000 - 0xf6000000   ( 744 MB)
    lowmem  : 0xc0000000 - 0xc7000000   ( 112 MB)
    modules : 0xbf000000 - 0xc0000000   (  16 MB)
      .init : 0xc0008000 - 0xc024f000   (2332 kB)
      .text : 0xc024f000 - 0xc06e80a4   (4709 kB)
      .data : 0xc06ea000 - 0xc0719840   ( 191 kB)
SLUB: Genslabs=13, HWalign=32, Order=0-3, MinObjects=0, CPUs=1, Nodes=1
NR_IRQS:246
VIC @f6000000: id 0x00041192, vendor 0x41
VIC @f6010000: id 0x00041192, vendor 0x41
Console: colour dummy device 80x30
console [ttySAC0] enabled
Calibrating delay loop... 530.84 BogoMIPS (lpj=2654208)
pid_max: default: 32768 minimum: 301
Mount-cache hash table entries: 512
CPU: Testing write buffer coherency: ok
NET: Registered protocol family 16
s3c64xx_dma_init: Registering DMA channels
PL080: IRQ 73, at c7808000, channels 0..8
PL080: IRQ 74, at c780c000, channels 8..16
S3C6410: Initialising architecture
bio: create slab <bio-0> at 0
SCSI subsystem initialized
usbcore: registered new interface driver usbfs
usbcore: registered new interface driver hub
usbcore: registered new device driver usb
s3c-i2c s3c2440-i2c.0: slave address 0x10
s3c-i2c s3c2440-i2c.0: bus frequency set to 64 KHz
s3c-i2c s3c2440-i2c.0: i2c-0: S3C I2C adapter
s3c-i2c s3c2440-i2c.1: slave address 0x10
s3c-i2c s3c2440-i2c.1: bus frequency set to 64 KHz
s3c-i2c s3c2440-i2c.1: i2c-1: S3C I2C adapter
cfg80211: Calling CRDA to update world regulatory domain
NET: Registered protocol family 2
IP route cache hash table entries: 1024 (order: 0, 4096 bytes)
TCP established hash table entries: 4096 (order: 3, 32768 bytes)
TCP bind hash table entries: 4096 (order: 2, 16384 bytes)
TCP: Hash tables configured (established 4096 bind 4096)
TCP reno registered
UDP hash table entries: 256 (order: 0, 4096 bytes)
UDP-Lite hash table entries: 256 (order: 0, 4096 bytes)
NET: Registered protocol family 1
RPC: Registered udp transport module.
RPC: Registered tcp transport module.
RPC: Registered tcp NFSv4.1 backchannel transport module.
NetWinder Floating Point Emulator V0.97 (extended precision)
nfs4filelayout_init: NFSv4 File Layout Driver Registering...
NTFS driver 2.1.30 [Flags: R/W].
JFFS2 version 2.2. (NAND) 漏 2001-2006 Red Hat, Inc.
ROMFS MTD (C) 2007 Red Hat, Inc.
msgmni has been set to 207
io scheduler noop registered
io scheduler deadline registered
io scheduler cfq registered (default)
===================pixclk:44232
--------------pixckl:44232
=========================================pixclk=44232, clk=133000000, div=5 (26600000)
**************clkdiv:5***************
--------------pixckl:44232
=========================================pixclk=44232, clk=133000000, div=5 (26600000)
**************clkdiv:5***************
Console: switching to colour frame buffer device 80x30
s3c-fb s3c-fb: window 0: fb 
Serial: 8250/16550 driver, 4 ports, IRQ sharing disabled
s3c6400-uart.0: ttySAC0 at MMIO 0x7f005000 (irq = 16) is a S3C6400/10
s3c6400-uart.1: ttySAC1 at MMIO 0x7f005400 (irq = 20) is a S3C6400/10
s3c6400-uart.2: ttySAC2 at MMIO 0x7f005800 (irq = 24) is a S3C6400/10
s3c6400-uart.3: ttySAC3 at MMIO 0x7f005c00 (irq = 28) is a S3C6400/10
GOOD! ADC initiated OK!
Good! BackLight(PWM) initialized Successfully!
GOOD! ECT initiated OK!
brd: module loaded
loop: module loaded
S3C24XX NOR FLASH DEVICE: 0x10000000 at 0x0 
S3C24XX NAND Driver, (c) 2004 Simtec Electronics
s3c24xx-nand s3c6400-nand: Tacls=3, 22ns Twrph0=8 60ns, Twrph1=3 22ns
s3c24xx-nand s3c6400-nand: NAND hardware ECC
No NAND device found.
dm9000 Ethernet Driver, V1.31
eth0: dm9000a at c786e000,c7872004 IRQ 111 MAC: 00:12:34:56:78:ab (eeprom)
usbcore: registered new interface driver rtl8187
usbcore: registered new interface driver zd1201
console [netcon0] enabled
netconsole: network logging started
usbmon: debugfs is not available
ohci_hcd: USB 1.1 'Open' Host Controller (OHCI) Driver
s3c2410-ohci s3c2410-ohci: S3C24XX OHCI
s3c2410-ohci s3c2410-ohci: new USB bus registered, assigned bus number 1
s3c2410-ohci s3c2410-ohci: irq 79, io mem 0x74300000
hub 1-0:1.0: USB hub found
hub 1-0:1.0: 2 ports detected
otg_dbg: in s3c6410_otg_module_init()::00224 => s3c6410_otg_module_init 
otg_dbg: in s3c6410_otg_drv_probe()::00054 => s3c6410_otg_drv_probe 
otg_dbg: in otg_hcd_init_modules()::00047 => OTGHCD_InitModuless 
otg_dbg: in init_transfer()::00055 => start to init_transfer
otg_dbg: in otg_list_init()::00202 => otg_list_init 
otg_dbg: in init_transfer_ready_q()::00053 => start init_transfer_ready_q
otg_dbg: in otg_list_init()::00202 => otg_list_init 
otg_dbg: in otg_list_init()::00202 => otg_list_init 
otg_dbg: in otg_mem_set()::00171 => otg_mem_set 
otg_dbg: in oci_sys_init()::00604 => oci_sys_init 
s3c6410_OTGHCD s3c6410_OTGHCD: S3C6410 OTGHCD
s3c6410_OTGHCD s3c6410_OTGHCD: new USB bus registered, assigned bus number 2
s3c6410_OTGHCD s3c6410_OTGHCD: irq 90, io mem 0x7c000000
otg_dbg: in s3c6410_otghcd_start()::00120 => s3c6410_otghcd_start 
otg_dbg: in s3c6410_otghcd_start()::00126 => OTG HCD Has Root Hub
otg_dbg: in otg_usbcore_resume_roothub()::00247 => otg_usbcore_resume_roothub 
hub 2-0:1.0: USB hub found
otg_dbg: in root_hub_feature()::00238 => case GetHubDescriptor
hub 2-0:1.0: 1 port detected
otg_dbg: in root_hub_feature()::00251 => case GetHubStatus
otg_dbg: in otg_mem_set()::00171 => otg_mem_set 
otg_dbg: in root_hub_feature()::00327 => case SetPortFeature
otg_dbg: in s3c6410_otg_drv_probe()::00133 => OTG HCD Initialized HCD, bus=EMSP OTG Controller, usbbus=2
usbcore: registered new interface driver usblp
Initializing USB Mass Storage driver...
usbcore: registered new interface driver usb-storage
USB Mass Storage support registered.
usbcore: registered new interface driver libusual
usbcore: registered new interface driver ums-datafab
usbcore: registered new interface driver ums-freecom
usbcore: registered new interface driver ums-isd200
usbcore: registered new interface driver ums-usbat
usbcore: registered new interface driver usbserial
USB Serial support registered for generic
usbcore: registered new interface driver usbserial_generic
usbserial: USB Serial Driver core
USB Serial support registered for FTDI USB Serial Device
usbcore: registered new interface driver ftdi_sio
ftdi_sio: v1.6.0:USB FTDI Serial Converters Driver
mousedev: PS/2 mouse device common for all mice
S3C24XX RTC, (c) 2004,2006 Simtec Electronics
s3c-rtc s3c64xx-rtc: rtc disabled, re-enabling
s3c-rtc s3c64xx-rtc: rtc core: registered s3c as rtc0
i2c /dev entries driver
Linux video capture interface: v2.00
usbcore: registered new interface driver uvcvideo
USB Video Class driver (v1.0.0)
S3C2410 Watchdog Timer, (c) 2004 Simtec Electronics
s3c2410-wdt s3c2410-wdt: watchdog inactive, reset disabled, irq enabled
sdhci: Secure Digital Host Controller Interface driver
sdhci: Copyright(c) Pierre Ossman
s3c-sdhci s3c-sdhci.0: clock source 0: hsmmc (133000000 Hz)
s3c-sdhci s3c-sdhci.0: clock source 1: hsmmc (133000000 Hz)
s3c-sdhci s3c-sdhci.0: clock source 2: mmc_bus (24000000 Hz)
mmc0: mmc_rescan_try_freq: trying to init card at 400000 Hz
mmc0: SDHCI controller on samsung-hsmmc [s3c-sdhci.0] using ADMA
usbcore: registered new interface driver usbhid
usbhid: USB HID core driver
TCP cubic registered
NET: Registered protocol family 17
Registering the dns_resolver key type
VFP support v0.3: implementor 41 architecture 1 part 20 variant b rev 5
s3c-rtc s3c64xx-rtc: setting system clock to 2000-01-01 01:13:59 UTC (946689239)
Freeing init memory: 2332K
mmc0: new high speed SDHC card at address 0007
mmcblk0: mmc0:0007 DDINC 3.70 GiB 
 mmcblk0: p1
sh: /bin/mountmmc: not found
mkdir: can't create directory '/var/lock': No such file or directory
eth0: link down

Processing /etc/profile... Done

-/bin/sh: can't access tty; job control turned off

Processing /etc/profile... Done

~ # ~ # eth0: link up, 100Mbps, full-duplex, lpa 0xCDE1

~ # 
~ # cd /mmc/shell/
/mmc/shell # ./catusb.sh 
S3C24XX OHCI
/mmc/shell # usb 1-1: new full speed USB device using s3c2410-ohci and address 2
usb 1-1: not running at top speed; connect to a high speed hub

/mmc/shell # ./catusb.sh 
S3C24XX OHCI
802.11 n WLAN
/mmc/shell # otg_dbg: in otg_handle_interrupt()::00103 => SOF Interrupt
otg_dbg: in do_periodic_schedule()::00245 => *******Start to DoPeriodicSchedul*********
usb 1-2: new full speed USB device using s3c2410-ohci and address 3
usb 1-2: device descriptor read/64, error -62
usb 1-2: device descriptor read/64, error -62
usb 1-2: new full speed USB device using s3c2410-ohci and address 4
usb 1-2: device descriptor read/64, error -62
usb 1-2: device descriptor read/64, error -62
usb 1-2: new full speed USB device using s3c2410-ohci and address 5
usb 1-2: device not accepting address 5, error -62
usb 1-2: new full speed USB device using s3c2410-ohci and address 6
usb 1-2: device not accepting address 6, error -62
hub 1-0:1.0: unable to enumerate USB device on port 2
otg_dbg: in otg_handle_interrupt()::00103 => SOF Interrupt
otg_dbg: in do_periodic_schedule()::00245 => *******Start to DoPeriodicSchedul*********
usb 1-2: new full speed USB device using s3c2410-ohci and address 7
usb 1-2: device descriptor read/64, error -62
usb 1-2: device descriptor read/64, error -62
usb 1-2: new full speed USB device using s3c2410-ohci and address 8
usb 1-2: device descriptor read/64, error -62
usb 1-2: device descriptor read/64, error -62
usb 1-2: new full speed USB device using s3c2410-ohci and address 9
usb 1-2: device not accepting address 9, error -62
usb 1-2: new full speed USB device using s3c2410-ohci and address 10
usb 1-2: device not accepting address 10, error -62
hub 1-0:1.0: unable to enumerate USB device on port 2
usb 1-1: USB disconnect, address 2
otg_dbg: in otg_handle_interrupt()::00103 => SOF Interrupt
otg_dbg: in do_periodic_schedule()::00245 => *******Start to DoPeriodicSchedul*********
usb 1-2: new full speed USB device using s3c2410-ohci and address 11
usb 1-2: device descriptor read/64, error -62
usb 1-2: device descriptor read/64, error -62
usb 1-2: new full speed USB device using s3c2410-ohci and address 12
usb 1-2: device descriptor read/64, error -62
usb 1-2: device descriptor read/64, error -62
usb 1-2: new full speed USB device using s3c2410-ohci and address 13
usb 1-2: device not accepting address 13, error -62
usb 1-2: new full speed USB device using s3c2410-ohci and address 14
usb 1-2: device not accepting address 14, error -62
hub 1-0:1.0: unable to enumerate USB device on port 2

/mmc/shell # otg_dbg: in otg_handle_interrupt()::00103 => SOF Interrupt
otg_dbg: in do_periodic_schedule()::00245 => *******Start to DoPeriodicSchedul*********
usb 1-2: new full speed USB device using s3c2410-ohci and address 15
usb 1-2: device descriptor read/64, error -62
usb 1-2: device descriptor read/64, error -62
usb 1-2: new full speed USB device using s3c2410-ohci and address 16
usb 1-2: device descriptor read/64, error -62
usb 1-2: device descriptor read/64, error -62
usb 1-2: new full speed USB device using s3c2410-ohci and address 17
usb 1-2: device not accepting address 17, error -62
usb 1-2: new full speed USB device using s3c2410-ohci and address 18
usb 1-2: device not accepting address 18, error -62
hub 1-0:1.0: unable to enumerate USB device on port 2

/mmc/shell # ./catusb.sh 
S3C24XX OHCI
/mmc/shell # cat catusb.sh 
#!/bin/sh
cat /sys/class/usb_device/usbdev1.*/device/product 
/mmc/shell # ^C
/mmc/shell # ct /sys/class/usb_device/usbdev1.1/
dev         device/     subsystem/  uevent
/mmc/shell # ct /sys/class/usb_device/usbdev1.1/
dev         device/     subsystem/  uevent
/mmc/shell # ct /sys/class/usb_device/usbdev
usbdev1.1/  usbdev2.1/
/mmc/shell # ct /sys/class/usb_device/usbdev2.1/
dev         device/     subsystem/  uevent
/mmc/shell # ct /sys/class/usb_device/usbdev2.1/
-/bin/sh: ct: not found
/mmc/shell # vi catusb.sh 
:pt /sys/class/usb_device/usbdev1.*/device/product
-/bin/sh: ayp:: not found
:pt /sys/class/usb_device/usbdev1.*/device/product
Kpt /sys/class/usb_device/usbdev1.*/device/product
~ # n/sh: ayp:: not found
U-Boot 1.1.6 (Mar 14 2017 - 11:18:18) for SMDK6410
~
****************************************
**    u-boot 1.1.6                    **
**    Updated for OK6410  TE6410 Board  **
**    Version (2012-09-23)          **
**    OEM: Forlinx Embedded           **
**    Web: http://www.witech.com.cn   **
****************************************
~
CPU:     S3C6410 @532MHz
         Fclk = 532MHz, Hclk = 133MHz, Pclk = 66MHz, Serial = CLKUART (SYNC Mode) 
Board:   SMDK6410
DRAM:    128 MB
Flash:   0 kB
NandFlash Information:
Manufactor ID:0
dev_id ID:0 
3th is = 0
dev_id=0,childType=0 
select s3c_nand_oob_mlc_64
No NAND device found!!!
NandFlash Size is 0 MB 
SD/MMC:  SD 2.0 SDHC / Manufacturer: 0x58,OEM: "DD/DDINC",REV: 3.0,S/N: 16879601,DATE: 2015/10
         SDHC size: 3796 MiB
         Freq = 50MHz
In:      serial
Out:     lcd
Err:     lcd
Hit any key to stop autoboot:  0 

###################### User Menu for OK6410#####################
[1] Format the nand flash
[2] Burn image from SD card
[3] Burn image from USB
[4] Reboot the u-boot
[5] Exit to command line
-----------------------------Select---------------------------------
Enter your Selection:5
SMDK6410 # 
SMDK6410 # fatload mmc 0:1 0x50008000 zImage-v0
reading zImage-v0

6757220 bytes read
SMDK6410 # bootm 50008000
Boot with zImage

Starting kernel ...

Uncompressing Linux... done, booting the kernel.
Linux version 2.6.38.8-EddySun (qpq@qpq-1404) (gcc version 4.4.5 (crosstool-NG 1.13.0) ) #714 PREEMPT Mon Mar 13 14:10:32 CST 2017
CPU: ARMv6-compatible processor [410fb766] revision 6 (ARMv7), cr=00c5387f
CPU: VIPT nonaliasing data cache, VIPT nonaliasing instruction cache
Machine: SMDK6410
Ignoring unrecognised tag 0x54410008
Memory policy: ECC disabled, Data cache writeback
CPU S3C6410 (id 0x36410101)
S3C24XX Clocks, Copyright 2004 Simtec Electronics
camera: no parent clock specified
S3C64XX: PLL settings, A=532000000, M=532000000, E=24000000
S3C64XX: HCLK2=266000000, HCLK=133000000, PCLK=66500000
mout_apll: source is fout_apll (1), rate is 532000000
mout_epll: source is epll (1), rate is 24000000
mout_mpll: source is mpll (1), rate is 532000000
mmc_bus: source is mout_epll (0), rate is 24000000
mmc_bus: source is mout_epll (0), rate is 24000000
mmc_bus: source is mout_epll (0), rate is 24000000
usb-bus-host: source is clk_48m (0), rate is 48000000
uclk1: source is dout_mpll (1), rate is 66500000
spi-bus: source is mout_epll (0), rate is 24000000
spi-bus: source is mout_epll (0), rate is 24000000
audio-bus: source is mout_epll (0), rate is 24000000
audio-bus: source is mout_epll (0), rate is 24000000
audio-bus: source is mout_epll (0), rate is 24000000
irda-bus: source is mout_epll (0), rate is 24000000
camera: no parent clock specified
Built 1 zonelists in Zone order, mobility grouping on.  Total pages: 28448
Kernel command line: console=ttySAC0,115200 root=/dev/ram,read-write mem=112M init=/linuxrc
PID hash table entries: 512 (order: -1, 2048 bytes)
Dentry cache hash table entries: 16384 (order: 4, 65536 bytes)
Inode-cache hash table entries: 8192 (order: 3, 32768 bytes)
Memory: 112MB = 112MB total
Memory: 97856k/97856k available, 16832k reserved, 0K highmem
Virtual kernel memory layout:
    vector  : 0xffff0000 - 0xffff1000   (   4 kB)
    fixmap  : 0xfff00000 - 0xfffe0000   ( 896 kB)
    DMA     : 0xff600000 - 0xffe00000   (   8 MB)
    vmalloc : 0xc7800000 - 0xf6000000   ( 744 MB)
    lowmem  : 0xc0000000 - 0xc7000000   ( 112 MB)
    modules : 0xbf000000 - 0xc0000000   (  16 MB)
      .init : 0xc0008000 - 0xc0ac7000   (11004 kB)
      .text : 0xc0ac7000 - 0xc0f047bc   (4342 kB)
      .data : 0xc0f06000 - 0xc0f34900   ( 187 kB)
SLUB: Genslabs=13, HWalign=32, Order=0-3, MinObjects=0, CPUs=1, Nodes=1
NR_IRQS:246
VIC @f6000000: id 0x00041192, vendor 0x41
VIC @f6010000: id 0x00041192, vendor 0x41
Console: colour dummy device 80x30
console [ttySAC0] enabled
Calibrating delay loop... 530.84 BogoMIPS (lpj=2654208)
pid_max: default: 32768 minimum: 301
Mount-cache hash table entries: 512
CPU: Testing write buffer coherency: ok
NET: Registered protocol family 16
s3c64xx_dma_init: Registering DMA channels
PL080: IRQ 73, at c7808000, channels 0..8
PL080: IRQ 74, at c780c000, channels 8..16
S3C6410: Initialising architecture
bio: create slab <bio-0> at 0
SCSI subsystem initialized
usbcore: registered new interface driver usbfs
usbcore: registered new interface driver hub
usbcore: registered new device driver usb
s3c-i2c s3c2440-i2c.0: slave address 0x10
s3c-i2c s3c2440-i2c.0: bus frequency set to 64 KHz
s3c-i2c s3c2440-i2c.0: i2c-0: S3C I2C adapter
s3c-i2c s3c2440-i2c.1: slave address 0x10
s3c-i2c s3c2440-i2c.1: bus frequency set to 64 KHz
s3c-i2c s3c2440-i2c.1: i2c-1: S3C I2C adapter
NET: Registered protocol family 2
IP route cache hash table entries: 1024 (order: 0, 4096 bytes)
TCP established hash table entries: 4096 (order: 3, 32768 bytes)
TCP bind hash table entries: 4096 (order: 2, 16384 bytes)
TCP: Hash tables configured (established 4096 bind 4096)
TCP reno registered
UDP hash table entries: 256 (order: 0, 4096 bytes)
UDP-Lite hash table entries: 256 (order: 0, 4096 bytes)
NET: Registered protocol family 1
RPC: Registered udp transport module.
RPC: Registered tcp transport module.
RPC: Registered tcp NFSv4.1 backchannel transport module.
NetWinder Floating Point Emulator V0.97 (extended precision)
nfs4filelayout_init: NFSv4 File Layout Driver Registering...
NTFS driver 2.1.30 [Flags: R/W].
JFFS2 version 2.2. (NAND) 漏 2001-2006 Red Hat, Inc.
ROMFS MTD (C) 2007 Red Hat, Inc.
msgmni has been set to 191
io scheduler noop registered
io scheduler deadline registered
io scheduler cfq registered (default)
===================pixclk:44232
--------------pixckl:44232
=========================================pixclk=44232, clk=133000000, div=5 (26600000)
**************clkdiv:5***************
--------------pixckl:44232
=========================================pixclk=44232, clk=133000000, div=5 (26600000)
**************clkdiv:5***************
Console: switching to colour frame buffer device 80x30
s3c-fb s3c-fb: window 0: fb 
Serial: 8250/16550 driver, 4 ports, IRQ sharing disabled
s3c6400-uart.0: ttySAC0 at MMIO 0x7f005000 (irq = 16) is a S3C6400/10
s3c6400-uart.1: ttySAC1 at MMIO 0x7f005400 (irq = 20) is a S3C6400/10
s3c6400-uart.2: ttySAC2 at MMIO 0x7f005800 (irq = 24) is a S3C6400/10
s3c6400-uart.3: ttySAC3 at MMIO 0x7f005c00 (irq = 28) is a S3C6400/10
GOOD! ADC initiated OK!
Good! BackLight(PWM) initialized Successfully!
GOOD! ECT initiated OK!
brd: module loaded
loop: module loaded
S3C24XX NOR FLASH DEVICE: 0x10000000 at 0x0 
S3C24XX NAND Driver, (c) 2004 Simtec Electronics
s3c24xx-nand s3c6400-nand: Tacls=3, 22ns Twrph0=8 60ns, Twrph1=3 22ns
s3c24xx-nand s3c6400-nand: NAND hardware ECC
No NAND device found.
dm9000 Ethernet Driver, V1.31
eth0: dm9000a at c786e000,c7872004 IRQ 111 MAC: 00:12:34:56:78:ab (eeprom)
console [netcon0] enabled
netconsole: network logging started
usbmon: debugfs is not available
ohci_hcd: USB 1.1 'Open' Host Controller (OHCI) Driver
s3c2410-ohci s3c2410-ohci: S3C24XX OHCI
s3c2410-ohci s3c2410-ohci: new USB bus registered, assigned bus number 1
s3c2410-ohci s3c2410-ohci: irq 79, io mem 0x74300000
usb usb1: New USB device found, idVendor=1d6b, idProduct=0001
usb usb1: New USB device strings: Mfr=3, Product=2, SerialNumber=1
usb usb1: Product: S3C24XX OHCI
usb usb1: Manufacturer: Linux 2.6.38.8-EddySun ohci_hcd
usb usb1: SerialNumber: s3c24xx
hub 1-0:1.0: USB hub found
hub 1-0:1.0: 2 ports detected
usbcore: registered new interface driver usblp
Initializing USB Mass Storage driver...
usbcore: registered new interface driver usb-storage
USB Mass Storage support registered.
usbcore: registered new interface driver libusual
usbcore: registered new interface driver ums-datafab
usbcore: registered new interface driver ums-freecom
usbcore: registered new interface driver ums-isd200
usbcore: registered new interface driver ums-usbat
usbcore: registered new interface driver usbserial
USB Serial support registered for generic
usbcore: registered new interface driver usbserial_generic
usbserial: USB Serial Driver core
USB Serial support registered for FTDI USB Serial Device
usbcore: registered new interface driver ftdi_sio
ftdi_sio: v1.6.0:USB FTDI Serial Converters Driver
mousedev: PS/2 mouse device common for all mice
S3C24XX RTC, (c) 2004,2006 Simtec Electronics
s3c-rtc s3c64xx-rtc: rtc disabled, re-enabling
s3c-rtc s3c64xx-rtc: rtc core: registered s3c as rtc0
i2c /dev entries driver
Linux video capture interface: v2.00
usbcore: registered new interface driver uvcvideo
USB Video Class driver (v1.0.0)
S3C2410 Watchdog Timer, (c) 2004 Simtec Electronics
s3c2410-wdt s3c2410-wdt: watchdog inactive, reset disabled, irq enabled
sdhci: Secure Digital Host Controller Interface driver
sdhci: Copyright(c) Pierre Ossman
s3c-sdhci s3c-sdhci.0: clock source 0: hsmmc (133000000 Hz)
s3c-sdhci s3c-sdhci.0: clock source 1: hsmmc (133000000 Hz)
s3c-sdhci s3c-sdhci.0: clock source 2: mmc_bus (24000000 Hz)
mmc0: mmc_rescan_try_freq: trying to init card at 400000 Hz
mmc0: SDHCI controller on samsung-hsmmc [s3c-sdhci.0] using ADMA
usbcore: registered new interface driver usbhid
usbhid: USB HID core driver
TCP cubic registered
NET: Registered protocol family 17
Registering the dns_resolver key type
VFP support v0.3: implementor 41 architecture 1 part 20 variant b rev 5
s3c-rtc s3c64xx-rtc: setting system clock to 2000-01-01 01:36:39 UTC (946690599)
Freeing init memory: 11004K
mmc0: new high speed SDHC card at address 0007
mmcblk0: mmc0:0007 DDINC 3.70 GiB 
 mmcblk0: p1
Can not find MAC FILE
eth0: link down
mount: mounting /dev/mmcblk0p2 on /jffs2 failed: No such file or directory
mount: mounting /dev/mmcblk0p3 on /tmp failed: No such file or directory
mount: mounting /dev/mtdblock5 on /opt failed: No such file or directory
chmod: /jffs2/Main: No such file or directory
chmod: /jffs2/ET/ET: No such file or directory
chmod: /jffs2/ET/ECTN: No such file or directory
chmod: /jffs2/ET/EMS: No such file or directory
/etc/init.d/rcS: line 75: /jffs2/Main: not found
[root@(none):/]#eth0: link up, 100Mbps, full-duplex, lpa 0xCDE1

[root@(none):/]#cd /mmc/
/mmc/.Trash-1000/  /mmc/apk/          /mmc/shell/        /mmc/wpa/
/mmc/LOST.DIR/     /mmc/persistence/  /mmc/wpa-ap/       /mmc/wpa_0.5.1/
[root@(none):/]#cd /mmc/shell/
[root@(none):shell]#ls
burn.sh    catusb.sh  ip.sh      nfs
[root@(none):shell]#./burn.sh 
-rwxr-xr-x    1   3666548 Jan  1 01:13 /mmc/zImage
-rwxr-xr-x    1   3676184 Jan  1 01:37 /mmc/zImage
[root@(none):shell]#虨鹄K

U-Boot 1.1.6 (Mar 14 2017 - 11:18:18) for SMDK6410

****************************************
**    u-boot 1.1.6                    **
**    Updated for OK6410  TE6410 Board  **
**    Version (2012-09-23)          **
**    OEM: Forlinx Embedded           **
**    Web: http://www.witech.com.cn   **
****************************************

CPU:     S3C6410 @532MHz
         Fclk = 532MHz, Hclk = 133MHz, Pclk = 66MHz, Serial = CLKUART (SYNC Mode) 
Board:   SMDK6410
DRAM:    128 MB
Flash:   0 kB
NandFlash Information:
Manufactor ID:0
dev_id ID:0 
3th is = 0
dev_id=0,childType=0 
select s3c_nand_oob_mlc_64
No NAND device found!!!
NandFlash Size is 0 MB 
SD/MMC:  SD 2.0 SDHC / Manufacturer: 0x58,OEM: "DD/DDINC",REV: 3.0,S/N: 16879601,DATE: 2015/10
         SDHC size: 3796 MiB
         Freq = 50MHz
In:      serial
Out:     lcd
Err:     lcd
Hit any key to stop autoboot:  0 
reading zImage

3676184 bytes read
Boot with zImage

Starting kernel ...

 done, booting the kernel.
Linux version 2.6.38.8-EddySun (qpq@qpq-cu64) (gcc version 4.4.5 (crosstool-NG 1.13.0) ) #770 PREEMPT Wed Feb 7 10:35:08 CST 2018
CPU: ARMv6-compatible processor [410fb766] revision 6 (ARMv7), cr=00c5387f
CPU: VIPT nonaliasing data cache, VIPT nonaliasing instruction cache
Machine: SMDK6410
Ignoring unrecognised tag 0x54410008
Memory policy: ECC disabled, Data cache writeback
CPU S3C6410 (id 0x36410101)
S3C24XX Clocks, Copyright 2004 Simtec Electronics
camera: no parent clock specified
S3C64XX: PLL settings, A=532000000, M=532000000, E=24000000
S3C64XX: HCLK2=266000000, HCLK=133000000, PCLK=66500000
mout_apll: source is fout_apll (1), rate is 532000000
mout_epll: source is epll (1), rate is 24000000
mout_mpll: source is mpll (1), rate is 532000000
mmc_bus: source is mout_epll (0), rate is 24000000
mmc_bus: source is mout_epll (0), rate is 24000000
mmc_bus: source is mout_epll (0), rate is 24000000
usb-bus-host: source is clk_48m (0), rate is 48000000
uclk1: source is dout_mpll (1), rate is 66500000
spi-bus: source is mout_epll (0), rate is 24000000
spi-bus: source is mout_epll (0), rate is 24000000
audio-bus: source is mout_epll (0), rate is 24000000
audio-bus: source is mout_epll (0), rate is 24000000
audio-bus: source is mout_epll (0), rate is 24000000
irda-bus: source is mout_epll (0), rate is 24000000
camera: no parent clock specified
Built 1 zonelists in Zone order, mobility grouping on.  Total pages: 28448
Kernel command line: console=ttySAC0,115200 root=/dev/ram,read-write mem=112M init=/linuxrc
PID hash table entries: 512 (order: -1, 2048 bytes)
Dentry cache hash table entries: 16384 (order: 4, 65536 bytes)
Inode-cache hash table entries: 8192 (order: 3, 32768 bytes)
Memory: 112MB = 112MB total
Memory: 106136k/106136k available, 8552k reserved, 0K highmem
Virtual kernel memory layout:
    vector  : 0xffff0000 - 0xffff1000   (   4 kB)
    fixmap  : 0xfff00000 - 0xfffe0000   ( 896 kB)
    DMA     : 0xff600000 - 0xffe00000   (   8 MB)
    vmalloc : 0xc7800000 - 0xf6000000   ( 744 MB)
    lowmem  : 0xc0000000 - 0xc7000000   ( 112 MB)
    modules : 0xbf000000 - 0xc0000000   (  16 MB)
      .init : 0xc0008000 - 0xc024f000   (2332 kB)
      .text : 0xc024f000 - 0xc06ed174   (4729 kB)
      .data : 0xc06ee000 - 0xc071d880   ( 191 kB)
SLUB: Genslabs=13, HWalign=32, Order=0-3, MinObjects=0, CPUs=1, Nodes=1
NR_IRQS:246
VIC @f6000000: id 0x00041192, vendor 0x41
VIC @f6010000: id 0x00041192, vendor 0x41
Console: colour dummy device 80x30
console [ttySAC0] enabled
Calibrating delay loop... 530.84 BogoMIPS (lpj=2654208)
pid_max: default: 32768 minimum: 301
Mount-cache hash table entries: 512
CPU: Testing write buffer coherency: ok
NET: Registered protocol family 16
s3c64xx_dma_init: Registering DMA channels
PL080: IRQ 73, at c7808000, channels 0..8
PL080: IRQ 74, at c780c000, channels 8..16
S3C6410: Initialising architecture
bio: create slab <bio-0> at 0
SCSI subsystem initialized
usbcore: registered new interface driver usbfs
usbcore: registered new interface driver hub
usbcore: registered new device driver usb
s3c-i2c s3c2440-i2c.0: slave address 0x10
s3c-i2c s3c2440-i2c.0: bus frequency set to 64 KHz
s3c-i2c s3c2440-i2c.0: i2c-0: S3C I2C adapter
s3c-i2c s3c2440-i2c.1: slave address 0x10
s3c-i2c s3c2440-i2c.1: bus frequency set to 64 KHz
s3c-i2c s3c2440-i2c.1: i2c-1: S3C I2C adapter
cfg80211: Calling CRDA to update world regulatory domain
NET: Registered protocol family 2
IP route cache hash table entries: 1024 (order: 0, 4096 bytes)
TCP established hash table entries: 4096 (order: 3, 32768 bytes)
TCP bind hash table entries: 4096 (order: 2, 16384 bytes)
TCP: Hash tables configured (established 4096 bind 4096)
TCP reno registered
UDP hash table entries: 256 (order: 0, 4096 bytes)
UDP-Lite hash table entries: 256 (order: 0, 4096 bytes)
NET: Registered protocol family 1
RPC: Registered udp transport module.
RPC: Registered tcp transport module.
RPC: Registered tcp NFSv4.1 backchannel transport module.
NetWinder Floating Point Emulator V0.97 (extended precision)
nfs4filelayout_init: NFSv4 File Layout Driver Registering...
NTFS driver 2.1.30 [Flags: R/W].
JFFS2 version 2.2. (NAND) 漏 2001-2006 Red Hat, Inc.
ROMFS MTD (C) 2007 Red Hat, Inc.
msgmni has been set to 207
io scheduler noop registered
io scheduler deadline registered
io scheduler cfq registered (default)
===================pixclk:44232
--------------pixckl:44232
=========================================pixclk=44232, clk=133000000, div=5 (26600000)
**************clkdiv:5***************
--------------pixckl:44232
=========================================pixclk=44232, clk=133000000, div=5 (26600000)
**************clkdiv:5***************
Console: switching to colour frame buffer device 80x30
s3c-fb s3c-fb: window 0: fb 
Serial: 8250/16550 driver, 4 ports, IRQ sharing disabled
s3c6400-uart.0: ttySAC0 at MMIO 0x7f005000 (irq = 16) is a S3C6400/10
s3c6400-uart.1: ttySAC1 at MMIO 0x7f005400 (irq = 20) is a S3C6400/10
s3c6400-uart.2: ttySAC2 at MMIO 0x7f005800 (irq = 24) is a S3C6400/10
s3c6400-uart.3: ttySAC3 at MMIO 0x7f005c00 (irq = 28) is a S3C6400/10
GOOD! ADC initiated OK!
Good! BackLight(PWM) initialized Successfully!
GOOD! ECT initiated OK!
brd: module loaded
loop: module loaded
S3C24XX NOR FLASH DEVICE: 0x10000000 at 0x0 
S3C24XX NAND Driver, (c) 2004 Simtec Electronics
s3c24xx-nand s3c6400-nand: Tacls=3, 22ns Twrph0=8 60ns, Twrph1=3 22ns
s3c24xx-nand s3c6400-nand: NAND hardware ECC
No NAND device found.
dm9000 Ethernet Driver, V1.31
eth0: dm9000a at c786e000,c7872004 IRQ 111 MAC: 00:12:34:56:78:ab (eeprom)
usbcore: registered new interface driver rtl8187
usbcore: registered new interface driver zd1201
console [netcon0] enabled
netconsole: network logging started
usbmon: debugfs is not available
ohci_hcd: USB 1.1 'Open' Host Controller (OHCI) Driver
s3c2410-ohci s3c2410-ohci: S3C24XX OHCI
s3c2410-ohci s3c2410-ohci: new USB bus registered, assigned bus number 1
s3c2410-ohci s3c2410-ohci: irq 79, io mem 0x74300000
usb usb1: New USB device found, idVendor=1d6b, idProduct=0001
usb usb1: New USB device strings: Mfr=3, Product=2, SerialNumber=1
usb usb1: Product: S3C24XX OHCI
usb usb1: Manufacturer: Linux 2.6.38.8-EddySun ohci_hcd
usb usb1: SerialNumber: s3c24xx
hub 1-0:1.0: USB hub found
hub 1-0:1.0: 2 ports detected
otg_dbg: in s3c6410_otg_module_init()::00224 => s3c6410_otg_module_init 
otg_dbg: in s3c6410_otg_drv_probe()::00054 => s3c6410_otg_drv_probe 
otg_dbg: in otg_hcd_init_modules()::00047 => OTGHCD_InitModuless 
otg_dbg: in init_transfer()::00055 => start to init_transfer
otg_dbg: in otg_list_init()::00202 => otg_list_init 
otg_dbg: in init_transfer_ready_q()::00053 => start init_transfer_ready_q
otg_dbg: in otg_list_init()::00202 => otg_list_init 
otg_dbg: in otg_list_init()::00202 => otg_list_init 
otg_dbg: in otg_mem_set()::00171 => otg_mem_set 
otg_dbg: in oci_sys_init()::00604 => oci_sys_init 
s3c6410_OTGHCD s3c6410_OTGHCD: S3C6410 OTGHCD
s3c6410_OTGHCD s3c6410_OTGHCD: new USB bus registered, assigned bus number 2
s3c6410_OTGHCD s3c6410_OTGHCD: irq 90, io mem 0x7c000000
otg_dbg: in s3c6410_otghcd_start()::00120 => s3c6410_otghcd_start 
otg_dbg: in s3c6410_otghcd_start()::00126 => OTG HCD Has Root Hub
otg_dbg: in otg_usbcore_resume_roothub()::00247 => otg_usbcore_resume_roothub 
otg_dbg: in otg_handle_interrupt()::00103 => SOF Interrupt
otg_dbg: in do_periodic_schedule()::00245 => *******Start to DoPeriodicSchedul*********
usb usb2: New USB device found, idVendor=1d6b, idProduct=0002
usb usb2: New USB device strings: Mfr=3, Product=2, SerialNumber=1
usb usb2: Product: S3C6410 OTGHCD
usb usb2: Manufacturer: Linux 2.6.38.8-EddySun EMSP_OTGHCD
usb usb2: SerialNumber: s3c6410_OTGHCD
hub 2-0:1.0: USB hub found
otg_dbg: in root_hub_feature()::00238 => case GetHubDescriptor
hub 2-0:1.0: 1 port detected
otg_dbg: in root_hub_feature()::00251 => case GetHubStatus
otg_dbg: in otg_mem_set()::00171 => otg_mem_set 
otg_dbg: in root_hub_feature()::00327 => case SetPortFeature
otg_dbg: in s3c6410_otg_drv_probe()::00133 => OTG HCD Initialized HCD, bus=EMSP OTG Controller, usbbus=2
usbcore: registered new interface driver usblp
Initializing USB Mass Storage driver...
usbcore: registered new interface driver usb-storage
USB Mass Storage support registered.
usbcore: registered new interface driver libusual
usbcore: registered new interface driver ums-datafab
usbcore: registered new interface driver ums-freecom
usbcore: registered new interface driver ums-isd200
usbcore: registered new interface driver ums-usbat
usbcore: registered new interface driver usbserial
USB Serial support registered for generic
otg_dbg: in root_hub_feature()::00173 => case ClearPortFeature
otg_dbg: in root_hub_feature()::00199 => case ClearPortFeature -USB_PORT_FEAT_C_CONNECTION 
usb 1-2: new full speed USB device using s3c2410-ohci and address 2
usb 1-2: device descriptor read/64, error -62
usb 1-2: device descriptor read/64, error -62
usb 1-2: new full speed USB device using s3c2410-ohci and address 3
usb 1-2: device descriptor read/64, error -62
usb 1-2: device descriptor read/64, error -62
usb 1-2: new full speed USB device using s3c2410-ohci and address 4
usb 1-2: device not accepting address 4, error -62
usb 1-2: new full speed USB device using s3c2410-ohci and address 5
usb 1-2: device not accepting address 5, error -62
hub 1-0:1.0: unable to enumerate USB device on port 2
otg_dbg: in root_hub_feature()::00327 => case SetPortFeature
otg_dbg: in root_hub_feature()::00363 => case USB_PORT_FEAT_INDICATOR
otg_dbg: in root_hub_feature()::00327 => case SetPortFeature
otg_dbg: in root_hub_feature()::00358 => case SetPortFeature -USB_PORT_FEAT_RESET 
otg_dbg: in otg_handle_interrupt()::00103 => SOF Interrupt
otg_dbg: in do_periodic_schedule()::00245 => *******Start to DoPeriodicSchedul*********
otg_dbg: in otg_handle_interrupt()::00103 => SOF Interrupt
otg_dbg: in do_periodic_schedule()::00245 => *******Start to DoPeriodicSchedul*********
otg_dbg: in otg_handle_interrupt()::00103 => SOF Interrupt
otg_dbg: in do_periodic_schedule()::00245 => *******Start to DoPeriodicSchedul*********
otg_dbg: in otg_handle_interrupt()::00103 => SOF Interrupt
otg_dbg: in do_periodic_schedule()::00245 => *******Start to DoPeriodicSchedul*********
otg_dbg: in otg_handle_interrupt()::00103 => SOF Interrupt
otg_dbg: in do_periodic_schedule()::00245 => *******Start to DoPeriodicSchedul*********
otg_dbg: in otg_handle_interrupt()::00103 => SOF Interrupt
otg_dbg: in do_periodic_schedule()::00245 => *******Start to DoPeriodicSchedul*********
otg_dbg: in otg_handle_interrupt()::00103 => SOF Interrupt
otg_dbg: in do_periodic_schedule()::00245 => *******Start to DoPeriodicSchedul*********
otg_dbg: in otg_handle_interrupt()::00103 => SOF Interrupt
otg_dbg: in do_periodic_schedule()::00245 => *******Start to DoPeriodicSchedul*********
otg_dbg: in otg_handle_interrupt()::00103 => SOF Interrupt
otg_dbg: in do_periodic_schedule()::00245 => *******Start to DoPeriodicSchedul*********
otg_dbg: in otg_handle_interrupt()::00103 => SOF Interrupt
otg_dbg: in do_periodic_schedule()::00245 => *******Start to DoPeriodicSchedul*********
otg_dbg: in otg_handle_interrupt()::00103 => SOF Interrupt
otg_dbg: in do_periodic_schedule()::00245 => *******Start to DoPeriodicSchedul*********
otg_dbg: in otg_handle_interrupt()::00103 => SOF Interrupt
otg_dbg: in do_periodic_schedule()::00245 => *******Start to DoPeriodicSchedul*********
otg_dbg: in otg_handle_interrupt()::00103 => SOF Interrupt
otg_dbg: in do_periodic_schedule()::00245 => *******Start to DoPeriodicSchedul*********
otg_dbg: in otg_handle_interrupt()::00103 => SOF Interrupt
otg_dbg: in do_periodic_schedule()::00245 => *******Start to DoPeriodicSchedul*********
otg_dbg: in otg_handle_interrupt()::00103 => SOF Interrupt
otg_dbg: in do_periodic_schedule()::00245 => *******Start to DoPeriodicSchedul*********
otg_dbg: in root_hub_feature()::00173 => case ClearPortFeature
otg_dbg: in root_hub_feature()::00206 => case ClearPortFeature -USB_PORT_FEAT_C_RESET 
otg_dbg: in otg_handle_interrupt()::00103 => SOF Interrupt
otg_dbg: in do_periodic_schedule()::00245 => *******Start to DoPeriodicSchedul*********
usb 2-1: new high speed USB device using s3c6410_OTGHCD and address 2
otg_dbg: in otg_handle_interrupt()::00103 => SOF Interrupt
otg_dbg: in do_periodic_schedule()::00245 => *******Start to DoPeriodicSchedul*********
otg_dbg: in otg_mem_alloc()::00081 
otg_dbg: in otg_handle_interrupt()::00103 => SOF Interrupt
otg_dbg: in do_periodic_schedule()::00245 => *******Start to DoPeriodicSchedul*********
=> otg_mem_alloc 
otg_dbg: in otg_handle_interrupt()::00103 => SOF Interrupt
otg_dbg: in do_periodic_schedule()::00245 => *******Start to DoPeriodicSchedul*********
otg_dbg: in otg_handle_interrupt()::00103 => SOF Interrupt
otg_dbg: in do_periodic_schedule()::00245 => *******Start to DoPeriodicSchedul*********
otg_dbg: in otg_mem_set()::00171 
otg_dbg: in otg_handle_interrupt()::00103 => SOF Interrupt
otg_dbg: in do_periodic_schedule()::00245 => *******Start to DoPeriodicSchedul*********
=> otg_mem_set 
otg_dbg: in otg_handle_interrupt()::00103 => SOF Interrupt
otg_dbg: in do_periodic_schedule()::00245 => *******Start to DoPeriodicSchedul*********
otg_dbg: in otg_list_init()::00202 
otg_dbg: in otg_handle_interrupt()::00103 => SOF Interrupt
otg_dbg: in do_periodic_schedule()::00245 => *******Start to DoPeriodicSchedul*********
=> otg_list_init 
otg_dbg: in otg_handle_interrupt()::00103 => SOF Interrupt
otg_dbg: in do_periodic_schedule()::00245 => *******Start to DoPeriodicSchedul*********
otg_dbg: in otg_list_push_prev()::00092 
otg_dbg: in otg_handle_interrupt()::00103 => SOF Interrupt
otg_dbg: in do_periodic_schedule()::00245 => *******Start to DoPeriodicSchedul*********
=> otg_list_push_prev 
otg_dbg: in otg_handle_interrupt()::00103 => SOF Interrupt
otg_dbg: in do_periodic_schedule()::00245 => *******Start to DoPeriodicSchedul*********
otg_dbg: in otg_mem_alloc()::00081 => otg_mem_alloc 
otg_dbg: in otg_mem_set()::00171 => otg_mem_set 
otg_dbg: in otg_mem_set()::00171 => otg_mem_set 
otg_dbg: in otg_list_push_prev()::00092 => otg_list_push_prev 
otg_dbg: in otg_list_push_prev()::00092 => otg_list_push_prev 
otg_dbg: in do_periodic_schedule()::00245 => *******Start to DoPeriodicSchedul*********
otg_dbg: in otg_list_empty()::00165 => otg_list_empty 
otg_dbg: in otg_list_pop()::00110 => otg_list_pop 
otg_dbg: in otg_list_empty()::00165 => otg_list_empty 
otg_dbg: in otg_mem_set()::00171 => otg_mem_set 
otg_dbg: in do_periodic_schedule()::00245 => *******Start to DoPeriodicSchedul*********
otg_dbg: in otg_handle_interrupt()::00103 => SOF Interrupt
otg_dbg: in do_periodic_schedule()::00245 => *******Start to DoPeriodicSchedul*********
otg_dbg: in otg_mem_set()::00171 => otg_mem_set 
otg_dbg: in do_periodic_schedule()::00245 => *******Start to DoPeriodicSchedul*********
otg_dbg: in otg_handle_interrupt()::00103 => SOF Interrupt
otg_dbg: in do_periodic_schedule()::00245 => *******Start to DoPeriodicSchedul*********
otg_dbg: in otg_mem_set()::00171 => otg_mem_set 
otg_dbg: in otg_list_pop()::00110 => otg_list_pop 
otg_dbg: in do_periodic_schedule()::00245 => *******Start to DoPeriodicSchedul*********
otg_dbg: in otg_handle_interrupt()::00103 => SOF Interrupt
otg_dbg: in do_periodic_schedule()::00245 => *******Start to DoPeriodicSchedul*********
otg_dbg: in otg_handle_interrupt()::00103 => SOF Interrupt
otg_dbg: in do_periodic_schedule()::00245 => *******Start to DoPeriodicSchedul*********
otg_dbg: in root_hub_feature()::00327 => case SetPortFeature
otg_dbg: in root_hub_feature()::00358 => case SetPortFeature -USB_PORT_FEAT_RESET 
otg_dbg: in otg_handle_interrupt()::00103 => SOF Interrupt
otg_dbg: in do_periodic_schedule()::00245 => *******Start to DoPeriodicSchedul*********
otg_dbg: in otg_handle_interrupt()::00103 => SOF Interrupt
otg_dbg: in do_periodic_schedule()::00245 => *******Start to DoPeriodicSchedul*********
otg_dbg: in otg_handle_interrupt()::00103 => SOF Interrupt
otg_dbg: in do_periodic_schedule()::00245 => *******Start to DoPeriodicSchedul*********
otg_dbg: in otg_handle_interrupt()::00103 => SOF Interrupt
otg_dbg: in do_periodic_schedule()::00245 => *******Start to DoPeriodicSchedul*********
otg_dbg: in otg_handle_interrupt()::00103 => SOF Interrupt
otg_dbg: in do_periodic_schedule()::00245 => *******Start to DoPeriodicSchedul*********
otg_dbg: in otg_handle_interrupt()::00103 => SOF Interrupt
otg_dbg: in do_periodic_schedule()::00245 => *******Start to DoPeriodicSchedul*********
otg_dbg: in otg_handle_interrupt()::00103 => SOF Interrupt
otg_dbg: in do_periodic_schedule()::00245 => *******Start to DoPeriodicSchedul*********
otg_dbg: in otg_handle_interrupt()::00103 => SOF Interrupt
otg_dbg: in do_periodic_schedule()::00245 => *******Start to DoPeriodicSchedul*********
otg_dbg: in otg_handle_interrupt()::00103 => SOF Interrupt
otg_dbg: in do_periodic_schedule()::00245 => *******Start to DoPeriodicSchedul*********
otg_dbg: in otg_handle_interrupt()::00103 => SOF Interrupt
otg_dbg: in do_periodic_schedule()::00245 => *******Start to DoPeriodicSchedul*********
otg_dbg: in otg_handle_interrupt()::00103 => SOF Interrupt
otg_dbg: in do_periodic_schedule()::00245 => *******Start to DoPeriodicSchedul*********
otg_dbg: in otg_handle_interrupt()::00103 => SOF Interrupt
otg_dbg: in do_periodic_schedule()::00245 => *******Start to DoPeriodicSchedul*********
otg_dbg: in otg_handle_interrupt()::00103 => SOF Interrupt
otg_dbg: in do_periodic_schedule()::00245 => *******Start to DoPeriodicSchedul*********
otg_dbg: in root_hub_feature()::00173 => case ClearPortFeature
otg_dbg: in root_hub_feature()::00206 => case ClearPortFeature -USB_PORT_FEAT_C_RESET 
otg_dbg: in otg_handle_interrupt()::00103 => SOF Interrupt
otg_dbg: in do_periodic_schedule()::00245 => *******Start to DoPeriodicSchedul*********
otg_dbg: in otg_mem_alloc()::00081 => otg_mem_alloc 
otg_dbg: in otg_mem_set()::00171 => otg_mem_set 
otg_dbg: in otg_mem_set()::00171 => otg_mem_set 
otg_dbg: in otg_list_push_prev()::00092 => otg_list_push_prev 
otg_dbg: in otg_list_push_prev()::00092 => otg_list_push_prev 
otg_dbg: in do_periodic_schedule()::00245 => *******Start to DoPeriodicSchedul*********
otg_dbg: in otg_list_empty()::00165 => otg_list_empty 
otg_dbg: in otg_list_pop()::00110 => otg_list_pop 
otg_dbg: in otg_list_empty()::00165 => otg_list_empty 
otg_dbg: in otg_mem_set()::00171 => otg_mem_set 
otg_dbg: in do_periodic_schedule()::00245 => *******Start to DoPeriodicSchedul*********
otg_dbg: in otg_handle_interrupt()::00103 => SOF Interrupt
otg_dbg: in do_periodic_schedule()::00245 => *******Start to DoPeriodicSchedul*********
otg_dbg: in otg_mem_set()::00171 => otg_mem_set 
otg_dbg: in otg_list_pop()::00110 => otg_list_pop 
otg_dbg: in do_periodic_schedule()::00245 => *******Start to DoPeriodicSchedul*********
otg_dbg: in s3c6410_otghcd_endpoint_disable()::00486 
otg_dbg: in otg_handle_interrupt()::00103 => SOF Interrupt
otg_dbg: in do_periodic_schedule()::00245 => *******Start to DoPeriodicSchedul*********
otg_dbg: in otg_handle_interrupt()::00103 => SOF Interrupt
otg_dbg: in do_periodic_schedule()::00245 => *******Start to DoPeriodicSchedul*********
=> s3c6410_otghcd_endpoint_disable 
otg_dbg: in otg_handle_interrupt()::00103 => SOF Interrupt
otg_dbg: in do_periodic_schedule()::00245 => *******Start to DoPeriodicSchedul*********
otg_dbg: in otg_list_pop()::00110 => otg_list_pop 
otg_dbg: in s3c6410_otghcd_endpoint_disable()::00486 => s3c6410_otghcd_endpoint_disable 
otg_dbg: in otg_mem_alloc()::00081 => otg_mem_alloc 
otg_dbg: in otg_mem_set()::00171 => otg_mem_set 
otg_dbg: in otg_list_init()::00202 => otg_list_init 
otg_dbg: in otg_list_push_prev()::00092 => otg_list_push_prev 
otg_dbg: in otg_mem_alloc()::00081 => otg_mem_alloc 
otg_dbg: in otg_mem_set()::00171 => otg_mem_set 
otg_dbg: in otg_mem_set()::00171 => otg_mem_set 
otg_dbg: in otg_list_push_prev()::00092 => otg_list_push_prev 
otg_dbg: in otg_list_push_prev()::00092 => otg_list_push_prev 
otg_dbg: in do_periodic_schedule()::00245 => *******Start to DoPeriodicSchedul*********
otg_dbg: in otg_list_empty()::00165 => otg_list_empty 
otg_dbg: in otg_list_pop()::00110 => otg_list_pop 
otg_dbg: in otg_list_empty()::00165 => otg_list_empty 
otg_dbg: in otg_mem_set()::00171 => otg_mem_set 
otg_dbg: in do_periodic_schedule()::00245 => *******Start to DoPeriodicSchedul*********
otg_dbg: in otg_mem_set()::00171 => otg_mem_set 
otg_dbg: in do_periodic_schedule()::00245 => *******Start to DoPeriodicSchedul*********
otg_dbg: in otg_mem_set()::00171 => otg_mem_set 
otg_dbg: in otg_list_pop()::00110 => otg_list_pop 
otg_dbg: in do_periodic_schedule()::00245 => *******Start to DoPeriodicSchedul*********
otg_dbg: in otg_mem_alloc()::00081 => otg_mem_alloc 
otg_dbg: in otg_mem_set()::00171 => otg_mem_set 
otg_dbg: in otg_mem_set()::00171 => otg_mem_set 
otg_dbg: in otg_list_push_prev()::00092 => otg_list_push_prev 
otg_dbg: in otg_list_push_prev()::00092 => otg_list_push_prev 
otg_dbg: in do_periodic_schedule()::00245 => *******Start to DoPeriodicSchedul*********
otg_dbg: in otg_list_empty()::00165 => otg_list_empty 
otg_dbg: in otg_list_pop()::00110 => otg_list_pop 
otg_dbg: in otg_list_empty()::00165 => otg_list_empty 
otg_dbg: in otg_mem_set()::00171 => otg_mem_set 
otg_dbg: in do_periodic_schedule()::00245 => *******Start to DoPeriodicSchedul*********
otg_dbg: in otg_mem_set()::00171 => otg_mem_set 
otg_dbg: in do_periodic_schedule()::00245 => *******Start to DoPeriodicSchedul*********
otg_dbg: in otg_mem_set()::00171 => otg_mem_set 
otg_dbg: in otg_list_pop()::00110 => otg_list_pop 
otg_dbg: in do_periodic_schedule()::00245 => *******Start to DoPeriodicSchedul*********
otg_dbg: in otg_mem_alloc()::00081 => otg_mem_alloc 
otg_dbg: in otg_mem_set()::00171 => otg_mem_set 
otg_dbg: in otg_mem_set()::00171 => otg_mem_set 
otg_dbg: in otg_list_push_prev()::00092 => otg_list_push_prev 
otg_dbg: in otg_list_push_prev()::00092 => otg_list_push_prev 
otg_dbg: in do_periodic_schedule()::00245 => *******Start to DoPeriodicSchedul*********
otg_dbg: in otg_list_empty()::00165 => otg_list_empty 
otg_dbg: in otg_list_pop()::00110 => otg_list_pop 
otg_dbg: in otg_list_empty()::00165 => otg_list_empty 
otg_dbg: in otg_mem_set()::00171 => otg_mem_set 
otg_dbg: in do_periodic_schedule()::00245 => *******Start to DoPeriodicSchedul*********
otg_dbg: in otg_mem_set()::00171 => otg_mem_set 
otg_dbg: in do_periodic_schedule()::00245 => *******Start to DoPeriodicSchedul*********
otg_dbg: in otg_mem_set()::00171 => otg_mem_set 
otg_dbg: in otg_list_pop()::00110 => otg_list_pop 
otg_dbg: in do_periodic_schedule()::00245 => *******Start to DoPeriodicSchedul*********
otg_dbg: in otg_mem_alloc()::00081 => otg_mem_alloc 
otg_dbg: in otg_mem_set()::00171 => otg_mem_set 
otg_dbg: in otg_mem_set()::00171 => otg_mem_set 
otg_dbg: in otg_list_push_prev()::00092 => otg_list_push_prev 
otg_dbg: in otg_list_push_prev()::00092 => otg_list_push_prev 
otg_dbg: in do_periodic_schedule()::00245 => *******Start to DoPeriodicSchedul*********
otg_dbg: in otg_list_empty()::00165 => otg_list_empty 
otg_dbg: in otg_list_pop()::00110 => otg_list_pop 
otg_dbg: in otg_list_empty()::00165 => otg_list_empty 
otg_dbg: in otg_mem_set()::00171 => otg_mem_set 
otg_dbg: in do_periodic_schedule()::00245 => *******Start to DoPeriodicSchedul*********
otg_dbg: in otg_mem_set()::00171 => otg_mem_set 
otg_dbg: in do_periodic_schedule()::00245 => *******Start to DoPeriodicSchedul*********
otg_dbg: in otg_mem_set()::00171 => otg_mem_set 
otg_dbg: in otg_list_pop()::00110 => otg_list_pop 
otg_dbg: in do_periodic_schedule()::00245 => *******Start to DoPeriodicSchedul*********
otg_dbg: in otg_mem_alloc()::00081 => otg_mem_alloc 
otg_dbg: in otg_mem_set()::00171 => otg_mem_set 
otg_dbg: in otg_mem_set()::00171 => otg_mem_set 
otg_dbg: in otg_list_push_prev()::00092 => otg_list_push_prev 
otg_dbg: in otg_list_push_prev()::00092 => otg_list_push_prev 
otg_dbg: in do_periodic_schedule()::00245 => *******Start to DoPeriodicSchedul*********
otg_dbg: in otg_list_empty()::00165 => otg_list_empty 
otg_dbg: in otg_list_pop()::00110 => otg_list_pop 
otg_dbg: in otg_list_empty()::00165 => otg_list_empty 
otg_dbg: in otg_mem_set()::00171 => otg_mem_set 
otg_dbg: in do_periodic_schedule()::00245 => *******Start to DoPeriodicSchedul*********
otg_dbg: in otg_mem_set()::00171 => otg_mem_set 
otg_dbg: in do_periodic_schedule()::00245 => *******Start to DoPeriodicSchedul*********
otg_dbg: in otg_mem_set()::00171 => otg_mem_set 
otg_dbg: in otg_list_pop()::00110 => otg_list_pop 
otg_dbg: in do_periodic_schedule()::00245 => *******Start to DoPeriodicSchedul*********
otg_dbg: in otg_mem_alloc()::00081 => otg_mem_alloc 
otg_dbg: in otg_mem_set()::00171 => otg_mem_set 
otg_dbg: in otg_mem_set()::00171 => otg_mem_set 
otg_dbg: in otg_list_push_prev()::00092 => otg_list_push_prev 
otg_dbg: in otg_list_push_prev()::00092 => otg_list_push_prev 
otg_dbg: in do_periodic_schedule()::00245 => *******Start to DoPeriodicSchedul*********
otg_dbg: in otg_list_empty()::00165 => otg_list_empty 
otg_dbg: in otg_list_pop()::00110 => otg_list_pop 
otg_dbg: in otg_list_empty()::00165 => otg_list_empty 
otg_dbg: in otg_mem_set()::00171 => otg_mem_set 
otg_dbg: in do_periodic_schedule()::00245 => *******Start to DoPeriodicSchedul*********
otg_dbg: in otg_mem_set()::00171 => otg_mem_set 
otg_dbg: in do_periodic_schedule()::00245 => *******Start to DoPeriodicSchedul*********
otg_dbg: in otg_mem_set()::00171 => otg_mem_set 
otg_dbg: in otg_list_pop()::00110 => otg_list_pop 
otg_dbg: in do_periodic_schedule()::00245 => *******Start to DoPeriodicSchedul*********
otg_dbg: in otg_mem_alloc()::00081 => otg_mem_alloc 
otg_dbg: in otg_mem_set()::00171 => otg_mem_set 
otg_dbg: in otg_mem_set()::00171 => otg_mem_set 
otg_dbg: in otg_list_push_prev()::00092 => otg_list_push_prev 
otg_dbg: in otg_list_push_prev()::00092 => otg_list_push_prev 
otg_dbg: in do_periodic_schedule()::00245 => *******Start to DoPeriodicSchedul*********
otg_dbg: in otg_list_empty()::00165 => otg_list_empty 
otg_dbg: in otg_list_pop()::00110 => otg_list_pop 
otg_dbg: in otg_list_empty()::00165 => otg_list_empty 
otg_dbg: in otg_mem_set()::00171 => otg_mem_set 
otg_dbg: in do_periodic_schedule()::00245 => *******Start to DoPeriodicSchedul*********
otg_dbg: in otg_mem_set()::00171 => otg_mem_set 
otg_dbg: in do_periodic_schedule()::00245 => *******Start to DoPeriodicSchedul*********
otg_dbg: in otg_mem_set()::00171 => otg_mem_set 
otg_dbg: in otg_list_pop()::00110 => otg_list_pop 
otg_dbg: in do_periodic_schedule()::00245 => *******Start to DoPeriodicSchedul*********
usb 2-1: New USB device found, idVendor=0e8d, idProduct=760c
usb 2-1: New USB device strings: Mfr=1, Product=2, SerialNumber=3
usb 2-1: Product: 802.11 n WLAN
usb 2-1: Manufacturer: MediaTek
usb 2-1: SerialNumber: 1.0
otg_dbg: in otg_mem_alloc()::00081 => otg_mem_alloc 
otg_dbg: in otg_mem_set()::00171 => otg_mem_set 
otg_dbg: in otg_mem_set()::00171 => otg_mem_set 
otg_dbg: in otg_list_push_prev()::00092 => otg_list_push_prev 
otg_dbg: in otg_list_push_prev()::00092 => otg_list_push_prev 
otg_dbg: in do_periodic_schedule()::00245 => *******Start to DoPeriodicSchedul*********
otg_dbg: in otg_list_empty()::00165 => otg_list_empty 
otg_dbg: in otg_list_pop()::00110 => otg_list_pop 
otg_dbg: in otg_list_empty()::00165 => otg_list_empty 
otg_dbg: in otg_mem_set()::00171 => otg_mem_set 
otg_dbg: in do_periodic_schedule()::00245 => *******Start to DoPeriodicSchedul*********
otg_dbg: in otg_mem_set()::00171 => otg_mem_set 
otg_dbg: in otg_list_pop()::00110 => otg_list_pop 
otg_dbg: in do_periodic_schedule()::00245 => *******Start to DoPeriodicSchedul*********
usbcore: registered new interface driver usbserial_generic
usbserial: USB Serial Driver core
USB Serial support registered for FTDI USB Serial Device
usbcore: registered new interface driver ftdi_sio
ftdi_sio: v1.6.0:USB FTDI Serial Converters Driver
mousedev: PS/2 mouse device common for all mice
S3C24XX RTC, (c) 2004,2006 Simtec Electronics
s3c-rtc s3c64xx-rtc: rtc disabled, re-enabling
s3c-rtc s3c64xx-rtc: rtc core: registered s3c as rtc0
i2c /dev entries driver
Linux video capture interface: v2.00
usbcore: registered new interface driver uvcvideo
USB Video Class driver (v1.0.0)
S3C2410 Watchdog Timer, (c) 2004 Simtec Electronics
s3c2410-wdt s3c2410-wdt: watchdog inactive, reset disabled, irq enabled
sdhci: Secure Digital Host Controller Interface driver
sdhci: Copyright(c) Pierre Ossman
s3c-sdhci s3c-sdhci.0: clock source 0: hsmmc (133000000 Hz)
s3c-sdhci s3c-sdhci.0: clock source 1: hsmmc (133000000 Hz)
s3c-sdhci s3c-sdhci.0: clock source 2: mmc_bus (24000000 Hz)
mmc0: mmc_rescan_try_freq: trying to init card at 400000 Hz
mmc0: SDHCI controller on samsung-hsmmc [s3c-sdhci.0] using ADMA
usbcore: registered new interface driver usbhid
usbhid: USB HID core driver
TCP cubic registered
NET: Registered protocol family 17
Registering the dns_resolver key type
VFP support v0.3: implementor 41 architecture 1 part 20 variant b rev 5
s3c-rtc s3c64xx-rtc: setting system clock to 2000-01-01 01:37:40 UTC (946690660)
Freeing init memory: 2332K
mmc0: new high speed SDHC card at address 0007
mmcblk0: mmc0:0007 DDINC 3.70 GiB 
 mmcblk0: p1
mkdir: can't create directory '/var/lock': No such file or directory
eth0: link down

Processing /etc/profile... Done

-/bin/sh: can't access tty; job control turned off

Processing /etc/profile... Done

~ # ~ # eth0: link up, 100Mbps, full-duplex, lpa 0xCDE1

~ # 
~ # 
~ # 
~ # 
~ # usb 1-2: new full speed USB device using s3c2410-ohci and address 6
usb 1-2: device descriptor read/64, error -62
usb 1-2: device descriptor read/64, error -62
usb 1-2: new full speed USB device using s3c2410-ohci and address 7
usb 1-2: device descriptor read/64, error -62
usb 1-2: device descriptor read/64, error -62
usb 1-2: new full speed USB device using s3c2410-ohci and address 8
usb 1-2: device not accepting address 8, error -62
usb 1-2: new full speed USB device using s3c2410-ohci and address 9
usb 1-2: device not accepting address 9, error -62
hub 1-0:1.0: unable to enumerate USB device on port 2
usb 1-1: new full speed USB device using s3c2410-ohci and address 10
usb 1-1: not running at top speed; connect to a high speed hub
usb 1-1: New USB device found, idVendor=05e3, idProduct=0741
usb 1-1: New USB device strings: Mfr=3, Product=4, SerialNumber=0
usb 1-1: Product: USB Storage
usb 1-1: Manufacturer: Generic
scsi0 : usb-storage 1-1:1.0
scsi 0:0:0:0: Direct-Access     Generic  STORAGE DEVICE   0220 PQ: 0 ANSI: 0
sd 0:0:0:0: Attached scsi generic sg0 type 0
sd 0:0:0:0: [sda] 60751872 512-byte logical blocks: (31.1 GB/28.9 GiB)
sd 0:0:0:0: [sda] Write Protect is off
sd 0:0:0:0: [sda] Assuming drive cache: write through
sd 0:0:0:0: [sda] Assuming drive cache: write through
 sda: sda4
sd 0:0:0:0: [sda] Assuming drive cache: write through
sd 0:0:0:0: [sda] Attached SCSI removable disk

~ # df -h
Filesystem                Size      Used Available Use% Mounted on
tmpfs                    53.0M         0     53.0M   0% /dev
mdev                     53.0M         0     53.0M   0% /dev
/dev/mmcblk0p1            3.6G    192.6M      3.4G   5% /mmc
~ # ls -l /dev
total 0
crw-rw----    1 root     root      253,   0 Jan  1 01:37 ADC
crw-rw----    1 root     root      252,   0 Jan  1 01:37 BackLight
crw-rw----    1 root     root      251,   0 Jan  1 01:37 ECT
drwxr-xr-x    3 root     root            60 Jan  1 01:37 bus
crw-rw----    1 root     root        5,   1 Jan  1 01:38 console
crw-rw----    1 root     root       10,  63 Jan  1 01:37 cpu_dma_latency
crw-rw----    1 root     root       29,   0 Jan  1 01:37 fb0
crw-rw----    1 root     root        1,   7 Jan  1 01:37 full
crw-rw----    1 root     root       89,   0 Jan  1 01:37 i2c-0
crw-rw----    1 root     root       89,   1 Jan  1 01:37 i2c-1
drwxr-xr-x    2 root     root            60 Jan  1 01:37 input
crw-rw----    1 root     root        1,   2 Jan  1 01:37 kmem
crw-rw----    1 root     root        1,  11 Jan  1 01:37 kmsg
brw-rw----    1 root     root        7,   0 Jan  1 01:37 loop0
brw-rw----    1 root     root        7,   1 Jan  1 01:37 loop1
brw-rw----    1 root     root        7,   2 Jan  1 01:37 loop2
brw-rw----    1 root     root        7,   3 Jan  1 01:37 loop3
brw-rw----    1 root     root        7,   4 Jan  1 01:37 loop4
brw-rw----    1 root     root        7,   5 Jan  1 01:37 loop5
brw-rw----    1 root     root        7,   6 Jan  1 01:37 loop6
brw-rw----    1 root     root        7,   7 Jan  1 01:37 loop7
crw-rw----    1 root     root        1,   1 Jan  1 01:37 mem
brw-rw-rw-    1 root     root      179,   0 Jan  1 01:37 mmcblk0
brw-rw----    1 root     root      179,   1 Jan  1 01:37 mmcblk0p1
crw-rw----    1 root     root       10,  62 Jan  1 01:37 network_latency
crw-rw----    1 root     root       10,  61 Jan  1 01:37 network_throughput
crw-rw----    1 root     root        1,   3 Jan  1 01:37 null
crw-rw----    1 root     root       10,   1 Jan  1 01:37 psaux
crw-rw----    1 root     root        5,   2 Jan  1 01:37 ptmx
drwxr-xr-x    2 root     root             0 Jan  1  1970 pts
brw-rw----    1 root     root        1,   0 Jan  1 01:37 ram0
crw-rw----    1 root     root        1,   8 Jan  1 01:37 random
crw-rw----    1 root     root      254,   0 Jan  1 01:37 rtc0
brw-rw----    1 root     root        8,   0 Jan  1 01:38 sda
brw-rw----    1 root     root        8,   4 Jan  1 01:38 sda4
crw-rw----    1 root     root       21,   0 Jan  1 01:38 sg0
crw-rw----    1 root     root        5,   0 Jan  1 01:37 tty
crw-rw----    1 root     root        4,   0 Jan  1 01:37 tty0
crw-rw----    1 root     root        4,   1 Jan  1 01:37 tty1
crw-rw----    1 root     root        4,  10 Jan  1 01:37 tty10
crw-rw----    1 root     root        4,  11 Jan  1 01:37 tty11
crw-rw----    1 root     root        4,  12 Jan  1 01:37 tty12
crw-rw----    1 root     root        4,  13 Jan  1 01:37 tty13
crw-rw----    1 root     root        4,  14 Jan  1 01:37 tty14
crw-rw----    1 root     root        4,  15 Jan  1 01:37 tty15
crw-rw----    1 root     root        4,  16 Jan  1 01:37 tty16
crw-rw----    1 root     root        4,  17 Jan  1 01:37 tty17
crw-rw----    1 root     root        4,  18 Jan  1 01:37 tty18
crw-rw----    1 root     root        4,  19 Jan  1 01:37 tty19
crw-rw----    1 root     root        4,   2 Jan  1 01:37 tty2
crw-rw----    1 root     root        4,  20 Jan  1 01:37 tty20
crw-rw----    1 root     root        4,  21 Jan  1 01:37 tty21
crw-rw----    1 root     root        4,  22 Jan  1 01:37 tty22
crw-rw----    1 root     root        4,  23 Jan  1 01:37 tty23
crw-rw----    1 root     root        4,  24 Jan  1 01:37 tty24
crw-rw----    1 root     root        4,  25 Jan  1 01:37 tty25
crw-rw----    1 root     root        4,  26 Jan  1 01:37 tty26
crw-rw----    1 root     root        4,  27 Jan  1 01:37 tty27
crw-rw----    1 root     root        4,  28 Jan  1 01:37 tty28
crw-rw----    1 root     root        4,  29 Jan  1 01:37 tty29
crw-rw----    1 root     root        4,   3 Jan  1 01:37 tty3
crw-rw----    1 root     root        4,  30 Jan  1 01:37 tty30
crw-rw----    1 root     root        4,  31 Jan  1 01:37 tty31
crw-rw----    1 root     root        4,  32 Jan  1 01:37 tty32
crw-rw----    1 root     root        4,  33 Jan  1 01:37 tty33
crw-rw----    1 root     root        4,  34 Jan  1 01:37 tty34
crw-rw----    1 root     root        4,  35 Jan  1 01:37 tty35
crw-rw----    1 root     root        4,  36 Jan  1 01:37 tty36
crw-rw----    1 root     root        4,  37 Jan  1 01:37 tty37
crw-rw----    1 root     root        4,  38 Jan  1 01:37 tty38
crw-rw----    1 root     root        4,  39 Jan  1 01:37 tty39
crw-rw----    1 root     root        4,   4 Jan  1 01:37 tty4
crw-rw----    1 root     root        4,  40 Jan  1 01:37 tty40
crw-rw----    1 root     root        4,  41 Jan  1 01:37 tty41
crw-rw----    1 root     root        4,  42 Jan  1 01:37 tty42
crw-rw----    1 root     root        4,  43 Jan  1 01:37 tty43
crw-rw----    1 root     root        4,  44 Jan  1 01:37 tty44
crw-rw----    1 root     root        4,  45 Jan  1 01:37 tty45
crw-rw----    1 root     root        4,  46 Jan  1 01:37 tty46
crw-rw----    1 root     root        4,  47 Jan  1 01:37 tty47
crw-rw----    1 root     root        4,  48 Jan  1 01:37 tty48
crw-rw----    1 root     root        4,  49 Jan  1 01:37 tty49
crw-rw----    1 root     root        4,   5 Jan  1 01:37 tty5
crw-rw----    1 root     root        4,  50 Jan  1 01:37 tty50
crw-rw----    1 root     root        4,  51 Jan  1 01:37 tty51
crw-rw----    1 root     root        4,  52 Jan  1 01:37 tty52
crw-rw----    1 root     root        4,  53 Jan  1 01:37 tty53
crw-rw----    1 root     root        4,  54 Jan  1 01:37 tty54
crw-rw----    1 root     root        4,  55 Jan  1 01:37 tty55
crw-rw----    1 root     root        4,  56 Jan  1 01:37 tty56
crw-rw----    1 root     root        4,  57 Jan  1 01:37 tty57
crw-rw----    1 root     root        4,  58 Jan  1 01:37 tty58
crw-rw----    1 root     root        4,  59 Jan  1 01:37 tty59
crw-rw----    1 root     root        4,   6 Jan  1 01:37 tty6
crw-rw----    1 root     root        4,  60 Jan  1 01:37 tty60
